// Jest Snapshot v1, https://goo.gl/fbAQLP

exports[`css: background color fills the box 1`] = `[38;2;255;255;255;48;2;0;0;255mbg[39m        [0m                              [0m
                                        
                                        
                                        
                                        
                                        
                                        
                                        
                                        
                                        
                                        
                                        
`;

exports[`css: block with border and padding 1`] = `[38;2;255;255;255m┌──────────────────┐[0m                    [0m
[38;2;255;255;255m│[0m                  [38;2;255;255;255m│[0m                    [0m
[38;2;255;255;255m│[0m  Boxed           [38;2;255;255;255m│[0m                    [0m
[38;2;255;255;255m│[0m                  [38;2;255;255;255m│[0m                    [0m
[38;2;255;255;255m└──────────────────┘[0m                    [0m
                                        
                                        
                                        
                                        
                                        
                                        
                                        
`;

exports[`css: bold italic underline strikethrough 1`] = `[1mB[0m [39;3mI[0m [39;4mU[0m S                                 [0m
                                        
                                        
                                        
                                        
                                        
                                        
                                        
                                        
                                        
                                        
                                        
`;

exports[`css: color inherits through nested elements 1`] = `[38;2;255;0;255mouter inner[0m                             [0m
                                        
                                        
                                        
                                        
                                        
                                        
                                        
                                        
                                        
                                        
                                        
`;

exports[`css: display:none removes the element 1`] = `visible                                 
after                                   
                                        
                                        
                                        
                                        
                                        
                                        
                                        
                                        
                                        
                                        
`;

exports[`css: flex column stacks children 1`] = `top                                     
bottom                                  
                                        
                                        
                                        
                                        
                                        
                                        
                                        
                                        
                                        
                                        
`;

exports[`css: flex row with justify-content space-between 1`] = `L                  R    
                        
                        
                        
                        
                        
                        
                        
                        
                        
                        
                        
`;

exports[`css: id selector beats element selector (specificity) 1`] = `[38;2;255;0;0mwins-red[0m                                [0m
                                        
                                        
                                        
                                        
                                        
                                        
                                        
                                        
                                        
                                        
                                        
`;

exports[`css: inline elements share a line 1`] = `onetwothree                             
                                        
                                        
                                        
                                        
                                        
                                        
                                        
                                        
                                        
                                        
                                        
`;

exports[`css: inline-block reserves a box on the line 1`] = `[38;2;255;255;255m┌──────┐┌──────┐[0m                        [0m
[38;2;255;255;255m│[0mA     [38;2;255;255;255m││[0mB     [38;2;255;255;255m│[0m                        [0m
[38;2;255;255;255m└──────┘└──────┘[0m                        [0m
                                        
                                        
                                        
                                        
                                        
                                        
                                        
                                        
                                        
`;

exports[`css: later rule wins on equal specificity (source order) 1`] = `[38;2;0;0;255mwins-blue[0m                               [0m
                                        
                                        
                                        
                                        
                                        
                                        
                                        
                                        
                                        
                                        
                                        
`;

exports[`css: margin offsets a block from the edge 1`] = `                                        
    Indented                            
                                        
                                        
                                        
                                        
                                        
                                        
                                        
                                        
                                        
                                        
`;

exports[`css: named, hex, and rgb foreground colors 1`] = `[38;2;255;0;0mnamed[0m                                   [0m
[38;2;0;255;0mhex[0m                                     [0m
[38;2;0;0;255mrgb[0m                                     [0m
                                        
                                        
                                        
                                        
                                        
                                        
                                        
                                        
                                        
`;

exports[`css: nested blocks stack vertically 1`] = `First                                   
Second                                  
Third                                   
                                        
                                        
                                        
                                        
                                        
                                        
                                        
                                        
                                        
`;

exports[`css: ordered list numbering 1`] = ` 1. first                               
 2. second                              
                                        
                                        
                                        
                                        
                                        
                                        
                                        
                                        
                                        
                                        
`;

exports[`css: table with cells 1`] = `┌──────┬──────┐                         
│ r1c1 │ r1c2 │                         
├──────┼──────┤                         
│ r2c1 │ r2c2 │                         
└──────┴──────┘                         
                                        
                                        
                                        
                                        
                                        
                                        
                                        
`;

exports[`css: text-transform:capitalize 1`] = `Hi There                                
                                        
                                        
                                        
                                        
                                        
                                        
                                        
                                        
                                        
                                        
                                        
`;

exports[`css: text-transform:lowercase 1`] = `loud                                    
                                        
                                        
                                        
                                        
                                        
                                        
                                        
                                        
                                        
                                        
                                        
`;

exports[`css: text-transform:uppercase 1`] = `SHOUT                                   
                                        
                                        
                                        
                                        
                                        
                                        
                                        
                                        
                                        
                                        
                                        
`;

exports[`css: unordered list markers 1`] = `  • alpha                               
  • beta                                
                                        
                                        
                                        
                                        
                                        
                                        
                                        
                                        
                                        
                                        
`;

exports[`css: white-space:pre preserves spacing 1`] = `a    b                                  
  c                                     
                                        
                                        
                                        
                                        
                                        
                                        
                                        
                                        
                                        
                                        
`;
