// Jest Snapshot v1, https://goo.gl/fbAQLP

exports[`email fixture: calendar-rtl.html 1`] = `
  ╭──────────────────────────────────────────────────────────────────────────────────────────────╮
  │                                                                                              │
  │                                                                                              │
  │     xxxx                                                                                     │
  │     xxxxxxxx xxx xxx xxxx x xxxx x xxxx xxxxxxxx             xxxx xxxx xxxxxx xxxx           │
  │     xxxxxxxx xxxx x xxxxxxxx                                                                 │
  │                                                                                              │
  │                                                                                              │
  │     xxxxxx                                               xxxxxxx xxxx                        │
  │     xxxxxx xxxxxxx x xxxxxxxxx                           xxxxxxxxxxxxxxxxxxxxxxxxxxxx        │
  │     xxxxxxxxxxxxxxxxxxxxx                                                                    │
  │     xxxx xxx xxxxx xxxx                                                                      │
  │                                                          xxxx xx xxxxx                       │
  │                                                          xxxx xxxx xxx xxxx                  │
  │     xxxxx xxx xxxxxxxxxxxxxxxxxxxxx                      xxxx xxxxxxxxx                      │
  │                                                                                              │
  │     ╭────────────────────────╮  ╭────────────────╮       xxxx xxxxx xxxxxxx                  │
  │     │  xxx  │  xx  │  xxxxx  │  │  xxxx xxxxxxx  │                                           │
  │     ╰────────────────────────╯  ╰────────────────╯                                           │
  │                                                                                              │
  │                                                                                              │
  │                                                                                              │
  ╰──────────────────────────────────────────────────────────────────────────────────────────────╯

    xxxxxxxxxx xxxx xxxxxx xxxxxxxx

    xxx xxx xxxxxxxxx xxxx xxxxx xxxxxxx xxx xxx xx xxxxxxxx xx xxx xxxxxx xx xxxx xxxxxxxxx
    xxxxxx xxxxxxx xxx xxxx xxxxxx xxxxxxx xxxx xxxxxx

    xxxxxxxxxx xxxx xxxxxxxxxx xxxxx xxxxx xxx xxxxxxxxx xx xxxx x xxxxxxxx xx xxx xxxxxxxxxx xx
    xxxxx xx xxx xxxxx xxxxx xxxxxx xxxxxx xxxxxxxxxx xx xxxxx xxx xxxxxxxxxx xxxxxxx xx xxxxxx
    xxxx xxxxx xxxxx xxxx

-- backgrounds --
4: 61-90 #1a73e8
5: 61-90 #1a73e8
6: 61-90 #1a73e8`;

exports[`email fixture: card-percent-cell.html 1`] = `
           xxxxxxxxx xxxxxxx xx xxxx                     xxxxxxxx xx xxxx xxxxxx xxxxxxxx





                                     x xxxxxxx xxxx xxxxxxxxxx


           ──────────────────────────────────────────────────────────────────────────────





           xxxxxx xx xxx xxxxxx xx xxxxxxxxx xxxx xxxxxxxxxx

           xxx xx xxxx xxx xxxxx xxxx xxxxx xx xxxxxxxx xxxxxxxxx xxxxxxxxx xxxxxx xxxx
           xxxxxx xxxxxx xxxxxxxx xxx xxx xxxxxx

           xxxxxxxxxx xx xxxxx x xxxxxxxxxx xxxxxxxx xxxxxxx xxxx xxxxxxxxxxxxxx xxxxx
           xxxx xxxxx xxxxxxxxxx xxxx xxxxxxxxxx xxxxxxxxx xxx xxxxx xxxxx xx xxxxxx xxxx
           xxxxx xxxxxxxx

           xxxxx x xxx xx xxxxx xxxx xxx xxx xxx xxx xx xxxxx xx xxxx xx xxx xxxx
           xxxxxxxx xxx xxxxxxxxxxxx xxxxxxxxxx xx xxxx xxxxxx x xxxx xxxxxxxxxx x
           xxxxxxxxx xxxxxxx xxxx xxxx xxxxxxxxxxxx xx xxxxxxxxx xxx xxxxxxxxx xxxxx
           xxxxxxxxxx xxxxx xxxxx xxxxxx xxxxx xxxxxxx xxxxxxxx

           xxx xxxxxxx xxxx xx xxx xxxx xx xxxx xxxxxxxx xx xxx xxxx xxxx xxxxx xxx xxx
           xxxxxx xxxxx xxxxx xxxx xxx x xxxxxxxxx xxxxxxxxxxx xxxx xxxxxxx xxxxxxxxx
           xxxxxx xx xxxxx xxxxxxxx xxxxxxx xxxx xx xxxxxxxxxx

           xxxx xxxxxxxxx xx xxxxxx xxx xxxxxx xx xxxx xxx xxxx xxxxxx xx xx xxxxxxxx xxx
           xxx xxxx xxxxxxxx xxxxxxxxx

            ╭──────────────────────────────────────────────────────────────────────────╮
            │                                                                          │
            │                          xxxxxx xx xxxxxxxxxx xx                         │
            │                                                                          │
            │                                                                          │
            ╰──────────────────────────────────────────────────────────────────────────╯







       x xxxxxxxxxx x xxxxxxxxxxx xx xxxxxxxx xxxxxxxxx xxxxxxxxx xxxx xxxxxxxx xxx xxxx xxxxx
       xxxx xxx xxxx xxx xxx xxx xxxxxxxxx xxxx xxxxxxxx xxxxxxxxxx xxxxx xxxx xxxxx xxxx xxx
      xxxxxxx xxx xxxx xxxxx xx xxx xxxxxxxxxx xxxxxxxxx xxxxxxxx xx xxxx xxx xxxx xxxx xxx xxx
        xxx xxxxxxxxx xxxxxx xxxx xxx xxxxxxx xx xxxxxxxx xxx xxxxxxxx xx xxxxxxxxxxxx xx xxx
     xxxxxxxxxxx xx xxx xxxxxxxx xxxxxxxxxx xxx xxxxxx xxxx xxx xxxxxxxx xxxxxxxx xxxxxx xxxxxx
         xxx xxxxxxxxxxx xxx xxx xxxxxx x xxxx xx xxx xxxxxxxx xxxxxxxx xxxx xx xxxx xx xxxx
                                       xxxxxxxx xxxxxxxxx xxxx
     xxxxxxxxxxxxxxxxxxxxxxxxxxxxxxxxxxxxxxxxxxxxxxxxxxxxxxxxxxxxxxxxxxxxxxxxxxxxxxxxxxxxxxxxxx
     xxxxxxxxxxxxxxxxxxxxxxxxxxxxx xxxx xxxxx xxxxxxx xx xxxxxxxx xxx xxxxxx xxxxxxxxxxxx xxxxx
         xxx xxxxx xxxxxxxxxxxx xx xxxxxxxxxx xxxx xxxxxxx xxxx xxxxxxx xxx xxxx xxxxx xx xx
      xxxxxxx xxxxxxxxx xxxxxxxxxx xxx xxx xxx xxxxxxxxxx xxxx xxxxxxx xxxxxxx xxx xxxxxx xxxxx
       x xxxxxxxxx xxxx xxxxxx xx xxxxxxxx xxxxxxxxxx xxxxxx xxxxxxxxxx xxxxxx xx xxxxxxxxxxxx
             xxxxxxx xxxxxxx xxxxxxxxxx xxxxxxxxxxx xxx xxxxxxxxx xxxxxxxxxx xxx xxxxxxx
      xxxxxxxxxxxxxxx xxxxxxxxxx xxx xxxxxxxxxxx xxxxxxxx xxx xxxxx xxxxx xxxxxxx xxx xxxxxxxx
       xxx xxxxxxxx xxxx xxx xxxxxxxxx xxx xxx xxxxxxxxx xxxxx xxxxxxxxxxxxxxx xxxxxxxxxx xxx
      xxxxx xx xxx xxxxxxx xxx xxxxxxxxxxx xxxx xxx xxx xxxxxxxxxxx xxxxxxxxx xxxxxxxxx xx xxx
          xxxxxxxxx xxxxxxxxxxx xxxx xxxx xx xxx xxxxxxxx xxxxxxxxxx xxx xxxxx xxxxxxxxxxx
      xxxxxxxxxx xxxxxxxxxx xxxxxxxxxxxxx xxxxxxxxx xxxxxxxxx xxxxxxxx xxx xxxxxxx xxxxxxxxxxx
     xxx xxxxxxxx xx xxxxxxxx xxxxxxxxxxxxxxx xxxxxxxxxxx xxxxx xxxxxxxxxx xxxxxxx xxxxxxxxxxxx
       xxxxxxx xxxxx xxxx xxxxxxx xx xxxxxx xxxxxx xxx xxx xxxxxxx xx xxxxx xxx xxxxxxxxxxxxx
     xxxx xxxxx xxxxx xxx xxxxxxxxx xxxxxx xxxxxxx xx xxxxxx xxxxxxxxxx xxxx xxxxx xxxxxxxxx xx
       xxx xxxxxxxxxxxxxxx xxxxxxxxxxx xxxxxxxxx xxx xxxxxxxxx xxx xx xxxxx xxxxx xxxxxxxx xx
      xxxxx xxxxxxxxxxxxxxx xxxxxxxxxxx xxxxx xxxxx xxxx xx xx xxx xxxx xx xxxxx xxxx xxx xxxxx
       xxx xxxxxxx xxxx xxx xxxxxxxxx xxx xxxxxxxxxx xx xxxxxx xx xxxxxx xxxxx xxxxxxxxxxxxxxx
     xxxxxxxxxx xx xxxxxxx xxxxxx xx xxxxxxxxxxxxx xxxxx xxxx xxxx xx xx xxxxxxx xxx xxxxxxxxxx
                                      xx xxxxxxxxxxxxx xxxxxxx

      xxxx xxxxxxxxx xxxx xxxxxx xxxxxxxxx xxx xxxx xxxxxx xxxxxxxxxxxxxx xxx xxx xxxxxxxxxxxxx
      xxxxxxxx xxxxx xxx xxx xxx x xxxxxxxxxxxxxxx xxxxxxxxxxxxx xx xxxxxxxx xxxxxx xxxxxxxx xx
          xxx xxxxxxxxxx xxxxxxxxx xxxxxxxxx xx xxxxxxx xxxxxx xxx xxxxxxxxxxx xxxxxxx xxxx
       xxxxxxxxx xxx xxxx xx xxxxxxxxx xxx xxxx xxxxxxxxxxx xxxx xxx xxxxxxxxx xxxxxx xxxxxxxx

     xxx xxxxxxxxxxx xxxxxxxxx xx xxxx xxxxxxxxxx xxxx xxx xxxxxxx xx xx x xxxxxxxx xxxxxxxxxxx
      xx xxx xxxxxxxxxxx xxxxxxxx xx xxxxxxxxxxxx xxxxxxxx xx xx xxxx xxxxxxxxx xxx xxxxxxxxxxx
     xxx xxxx xxxxxxxx xxxx xxxxxxx xxxxxxxxxx xx xx xxxxxxxxx xxx xx xx xxx xxxxxxxxx xxxx xxx
      xxxxxxxxx xxxxxxxx xx xxxxxxxx xx xxxxxxxxx xxxxx xx xx xxxxxxxxx xxxx xxx xxxxxxxxxx xx
                         xxxxxxxx xxxxxxxx xxxxxx xxxx xxxxx xx xx xxxxxxxx

         xx xxx xx xxxxxx xxxx xx xxxxxxx xxxxxxx xx xxxxxx xxx xxxxxxxx xxx xxx xxxxxx xxxx
                                 xxxxxxxxxxx  xx xxxxxxxxxxx xxxxx

                               x xxxx xxxx xxxxxxx xxx xxxxxx xxxxxxxxx

                                     xxxxxxxx xxxx x xx xxx xxxx

                           xxx xxxx xxxx xxxx xxxxx xxxx xxxxxxxx xx xxxxx


                                 xxxxxxx xxxxxx xxx xxxxx xx xxxxxxx

-- backgrounds --
0: 0-100 #f5f5f5
1: 0-100 #f5f5f5
2: 0-100 #f5f5f5
3: 0-7 #f5f5f5
3: 7-93 #303345
3: 93-100 #f5f5f5
4: 0-7 #f5f5f5
4: 7-93 #303345
4: 93-100 #f5f5f5
5: 0-7 #f5f5f5
5: 7-93 #ffffff
5: 93-100 #f5f5f5
6: 0-7 #f5f5f5
6: 7-93 #ffffff
6: 93-100 #f5f5f5
7: 0-7 #f5f5f5
7: 7-93 #ffffff
7: 93-100 #f5f5f5
8: 0-7 #f5f5f5
8: 7-93 #ffffff
8: 93-100 #f5f5f5
9: 0-7 #f5f5f5
9: 7-93 #ffffff
9: 93-100 #f5f5f5
10: 0-7 #f5f5f5
10: 7-93 #ffffff
10: 93-100 #f5f5f5
11: 0-7 #f5f5f5
11: 7-93 #ffffff
11: 93-100 #f5f5f5
12: 0-7 #f5f5f5
12: 7-93 #ffffff
12: 93-100 #f5f5f5
13: 0-7 #f5f5f5
13: 7-93 #ffffff
13: 93-100 #f5f5f5
14: 0-7 #f5f5f5
14: 7-93 #ffffff
14: 93-100 #f5f5f5
15: 0-7 #f5f5f5
15: 7-93 #ffffff
15: 93-100 #f5f5f5
16: 0-7 #f5f5f5
16: 7-93 #ffffff
16: 93-100 #f5f5f5
17: 0-7 #f5f5f5
17: 7-93 #ffffff
17: 93-100 #f5f5f5
18: 0-7 #f5f5f5
18: 7-93 #ffffff
18: 93-100 #f5f5f5
19: 0-7 #f5f5f5
19: 7-93 #ffffff
19: 93-100 #f5f5f5
20: 0-7 #f5f5f5
20: 7-93 #ffffff
20: 93-100 #f5f5f5
21: 0-7 #f5f5f5
21: 7-93 #ffffff
21: 93-100 #f5f5f5
22: 0-7 #f5f5f5
22: 7-93 #ffffff
22: 93-100 #f5f5f5
23: 0-7 #f5f5f5
23: 7-93 #ffffff
23: 93-100 #f5f5f5
24: 0-7 #f5f5f5
24: 7-93 #ffffff
24: 93-100 #f5f5f5
25: 0-7 #f5f5f5
25: 7-93 #ffffff
25: 93-100 #f5f5f5
26: 0-7 #f5f5f5
26: 7-93 #ffffff
26: 93-100 #f5f5f5
27: 0-7 #f5f5f5
27: 7-93 #ffffff
27: 93-100 #f5f5f5
28: 0-7 #f5f5f5
28: 7-93 #ffffff
28: 93-100 #f5f5f5
29: 0-7 #f5f5f5
29: 7-93 #ffffff
29: 93-100 #f5f5f5
30: 0-7 #f5f5f5
30: 7-93 #ffffff
30: 93-100 #f5f5f5
31: 0-7 #f5f5f5
31: 7-93 #ffffff
31: 93-100 #f5f5f5
32: 0-7 #f5f5f5
32: 7-93 #ffffff
32: 93-100 #f5f5f5
33: 0-7 #f5f5f5
33: 7-93 #ffffff
33: 93-100 #f5f5f5
34: 0-7 #f5f5f5
34: 7-93 #ffffff
34: 93-100 #f5f5f5
35: 0-7 #f5f5f5
35: 7-93 #ffffff
35: 93-100 #f5f5f5
36: 0-7 #f5f5f5
36: 7-93 #ffffff
36: 93-100 #f5f5f5
37: 0-7 #f5f5f5
37: 7-12 #ffffff
37: 12-88 #1b16b2
37: 88-93 #ffffff
37: 93-100 #f5f5f5
38: 0-7 #f5f5f5
38: 7-12 #ffffff
38: 12-88 #1b16b2
38: 88-93 #ffffff
38: 93-100 #f5f5f5
39: 0-7 #f5f5f5
39: 7-12 #ffffff
39: 12-88 #1b16b2
39: 88-93 #ffffff
39: 93-100 #f5f5f5
40: 0-7 #f5f5f5
40: 7-12 #ffffff
40: 12-88 #1b16b2
40: 88-93 #ffffff
40: 93-100 #f5f5f5
41: 0-7 #f5f5f5
41: 7-12 #ffffff
41: 12-88 #1b16b2
41: 88-93 #ffffff
41: 93-100 #f5f5f5
42: 0-7 #f5f5f5
42: 7-12 #ffffff
42: 12-88 #1b16b2
42: 88-93 #ffffff
42: 93-100 #f5f5f5
43: 0-7 #f5f5f5
43: 7-93 #ffffff
43: 93-100 #f5f5f5
44: 0-7 #f5f5f5
44: 7-93 #ffffff
44: 93-100 #f5f5f5
45: 0-7 #f5f5f5
45: 7-93 #ffffff
45: 93-100 #f5f5f5
46: 0-1 #f5f5f5
46: 1-99 #303345
46: 99-100 #f5f5f5
47: 0-1 #f5f5f5
47: 1-99 #303345
47: 99-100 #f5f5f5
48: 0-1 #f5f5f5
48: 1-99 #303345
48: 99-100 #f5f5f5
49: 0-1 #f5f5f5
49: 1-99 #303345
49: 99-100 #f5f5f5
50: 0-1 #f5f5f5
50: 1-99 #303345
50: 99-100 #f5f5f5
51: 0-1 #f5f5f5
51: 1-99 #303345
51: 99-100 #f5f5f5
52: 0-1 #f5f5f5
52: 1-99 #303345
52: 99-100 #f5f5f5
53: 0-1 #f5f5f5
53: 1-99 #303345
53: 99-100 #f5f5f5
54: 0-1 #f5f5f5
54: 1-99 #303345
54: 99-100 #f5f5f5
55: 0-1 #f5f5f5
55: 1-99 #303345
55: 99-100 #f5f5f5
56: 0-1 #f5f5f5
56: 1-99 #303345
56: 99-100 #f5f5f5
57: 0-1 #f5f5f5
57: 1-99 #303345
57: 99-100 #f5f5f5
58: 0-1 #f5f5f5
58: 1-99 #303345
58: 99-100 #f5f5f5
59: 0-1 #f5f5f5
59: 1-99 #303345
59: 99-100 #f5f5f5
60: 0-1 #f5f5f5
60: 1-99 #303345
60: 99-100 #f5f5f5
61: 0-1 #f5f5f5
61: 1-99 #303345
61: 99-100 #f5f5f5
62: 0-1 #f5f5f5
62: 1-99 #303345
62: 99-100 #f5f5f5
63: 0-1 #f5f5f5
63: 1-99 #303345
63: 99-100 #f5f5f5
64: 0-1 #f5f5f5
64: 1-99 #303345
64: 99-100 #f5f5f5
65: 0-1 #f5f5f5
65: 1-99 #303345
65: 99-100 #f5f5f5
66: 0-1 #f5f5f5
66: 1-99 #303345
66: 99-100 #f5f5f5
67: 0-1 #f5f5f5
67: 1-99 #303345
67: 99-100 #f5f5f5
68: 0-1 #f5f5f5
68: 1-99 #303345
68: 99-100 #f5f5f5
69: 0-1 #f5f5f5
69: 1-99 #303345
69: 99-100 #f5f5f5
70: 0-1 #f5f5f5
70: 1-99 #303345
70: 99-100 #f5f5f5
71: 0-1 #f5f5f5
71: 1-99 #303345
71: 99-100 #f5f5f5
72: 0-1 #f5f5f5
72: 1-99 #303345
72: 99-100 #f5f5f5
73: 0-1 #f5f5f5
73: 1-99 #303345
73: 99-100 #f5f5f5
74: 0-1 #f5f5f5
74: 1-99 #303345
74: 99-100 #f5f5f5
75: 0-1 #f5f5f5
75: 1-99 #303345
75: 99-100 #f5f5f5
76: 0-1 #f5f5f5
76: 1-99 #303345
76: 99-100 #f5f5f5
77: 0-1 #f5f5f5
77: 1-99 #303345
77: 99-100 #f5f5f5
78: 0-1 #f5f5f5
78: 1-99 #303345
78: 99-100 #f5f5f5
79: 0-1 #f5f5f5
79: 1-99 #303345
79: 99-100 #f5f5f5
80: 0-1 #f5f5f5
80: 1-99 #303345
80: 99-100 #f5f5f5
81: 0-1 #f5f5f5
81: 1-99 #303345
81: 99-100 #f5f5f5
82: 0-1 #f5f5f5
82: 1-99 #303345
82: 99-100 #f5f5f5
83: 0-1 #f5f5f5
83: 1-99 #303345
83: 99-100 #f5f5f5
84: 0-1 #f5f5f5
84: 1-99 #303345
84: 99-100 #f5f5f5
85: 0-1 #f5f5f5
85: 1-99 #303345
85: 99-100 #f5f5f5
86: 0-1 #f5f5f5
86: 1-99 #303345
86: 99-100 #f5f5f5
87: 0-1 #f5f5f5
87: 1-99 #303345
87: 99-100 #f5f5f5
88: 0-1 #f5f5f5
88: 1-99 #303345
88: 99-100 #f5f5f5
89: 0-1 #f5f5f5
89: 1-99 #303345
89: 99-100 #f5f5f5
90: 0-1 #f5f5f5
90: 1-99 #303345
90: 99-100 #f5f5f5
91: 0-1 #f5f5f5
91: 1-99 #303345
91: 99-100 #f5f5f5
92: 0-1 #f5f5f5
92: 1-99 #303345
92: 99-100 #f5f5f5
93: 0-1 #f5f5f5
93: 1-99 #303345
93: 99-100 #f5f5f5
94: 0-1 #f5f5f5
94: 1-99 #303345
94: 99-100 #f5f5f5
95: 0-1 #f5f5f5
95: 1-99 #303345
95: 99-100 #f5f5f5
96: 0-1 #f5f5f5
96: 1-99 #303345
96: 99-100 #f5f5f5
97: 0-1 #f5f5f5
97: 1-99 #303345
97: 99-100 #f5f5f5
98: 0-1 #f5f5f5
98: 1-99 #303345
98: 99-100 #f5f5f5
99: 0-1 #f5f5f5
99: 1-99 #303345
99: 99-100 #f5f5f5`;

exports[`email fixture: ghost-article.html 1`] = `


       xxxxxx xx xxxx


       xx xxxxx x x xxx xxxx                                                  View in browser




       xxx xx xxxxxxxxxxxx


       xxxxxxx xxxx xx xxx xxxxxx xxxx xxxxx xxxxxx xxxxx xxxx xxxxx xxxxxx xxxx x xxx
       xxxxxxxxxxxxxxx xx xxx xxxxx xxx xxxxxxx xxxxxxxxx xx xxxxx xxxxxx xxxxxx xxxxx
       xxxxxxx xxxx xxxxxxxxx xxxxxx xxxxxxx


       xxxxxxxx xxxxx xx x xxxxxx xxxxxxx xx xxxx xxxxxxx xxx xxxxxx xxxxxx xxx xxxx xxx


       xx xx xxxxx


         • xxxxxx xxx xxxxxxx xxx xxxxx xxxx xxx xxxxx

         • xxx xxxxxxxxxx xxxxxxx xxxx xxxxxxxx xxxxxxx xx xxx xx xx xxx

         • xx xxx xxxx xxxxxxx xxxx xx x xxxxxxxx xxxxxxx xxxxxxxx xx xxx xxxxxxxx xx
           xxxxx

         • xxx xxxxxxx


       xxxxx xxxxx xxxxxx xxxx xx xxxxxxx xxxx xxxx xxx xxxxx xxxx xxxxxxxx xx x xxxx
       xxxxxxxxx xx xxx xxxxxxx xxxxxxxx xx xxxxxxx xxxxxx xxxxxxxx xxxx xxxxx xxx xxxxxxxxx
       xxxxxxxx xx xxxxxxx xxxxxxxxx xxxxxxxx xxxx xxxxx xxx xxxx


       xx xxxxx xxx xxxx xxxx xxxxxx xxxxxxx xxxx xx xxxxxx xxx xxxxxxx xxxxxx xx xxx xxxxx
       xxx xxx xx xxxxxx xxxxxx xx xxx xxxxx



       ──────────────────────────────────────────────────────────────────────────────────────




                                    xxxxxxx xx xxxxxxxx xxxxxxxx

                   xxxxxx x xxxx xxxxxx xx xx xxxxxx xx xxx xxxxxx xx xxx xxxxxxx
                                              xxxxxxxx


                                               Upgrade




       ──────────────────────────────────────────────────────────────────────────────────────




       ──────────────────────────────────────────────────────────────────────────────────────



       XXXX XXXXXXX


       xx xxxxxx xxxxxxx xxxxxx xxx xxxx
       xxxxx xx xxxxxxxxx x xxxx xxxxxxxxxx xx xxxxxxx xxxx xxxxxxxxxxx







       xx xxxxxxxx xxxx xx xxx
       xxxxx xxxxxx xx x xxxxx xxxxx xxxxxxxxxx xx xxxxxxx xxxxx







       xx xxxxxxx xx xxxxxxx xxxx
       xxxxx xxxxxxxxx xxxxx xxx xx xxxx xxxxx xxxx xxxxx xxxxx xx xxx
       xxxxxxxx







       ──────────────────────────────────────────────────────────────────────────────────────




           xx xxxxxx xx xxx xxxxxxx xxx x xx xxxxxxxxxx xxxx xxx xxxxxxxx xxxxxxxx xxxxx
           xxx xx xxxxxxxx xx xx xxxx xxxxxxxx xxx xxxxxx xxxxxx xxxxxxxx xxxxx xxxx xxxx
                                           xx xxxxxxxxxx

                                       xxxxx xxxxxxx xxxxxxx
                               xxxxxx xxxxxxxx xxxxxx xxxxxx xxxxxxx



                                   xx xxxxxx x xxxx x xxxxxxxxxxx

-- backgrounds --
0: 0-100 #faf9f5
1: 0-100 #faf9f5
2: 0-100 #faf9f5
3: 0-100 #faf9f5
4: 0-100 #faf9f5
5: 0-100 #faf9f5
6: 0-100 #faf9f5
7: 0-100 #faf9f5
8: 0-100 #faf9f5
9: 0-100 #faf9f5
10: 0-100 #faf9f5
11: 0-100 #faf9f5
12: 0-100 #faf9f5
13: 0-100 #faf9f5
14: 0-100 #faf9f5
15: 0-100 #faf9f5
16: 0-100 #faf9f5
17: 0-100 #faf9f5
18: 0-100 #faf9f5
19: 0-100 #faf9f5
20: 0-100 #faf9f5
21: 0-100 #faf9f5
22: 0-100 #faf9f5
23: 0-100 #faf9f5
24: 0-100 #faf9f5
25: 0-100 #faf9f5
26: 0-100 #faf9f5
27: 0-100 #faf9f5
28: 0-100 #faf9f5
29: 0-100 #faf9f5
30: 0-100 #faf9f5
31: 0-100 #faf9f5
32: 0-100 #faf9f5
33: 0-100 #faf9f5
34: 0-100 #faf9f5
35: 0-100 #faf9f5
36: 0-100 #faf9f5
37: 0-100 #faf9f5
38: 0-100 #faf9f5
39: 0-100 #faf9f5
40: 0-100 #faf9f5
41: 0-100 #faf9f5
42: 0-100 #faf9f5
43: 0-100 #faf9f5
44: 0-100 #faf9f5
45: 0-100 #faf9f5
46: 0-100 #faf9f5
47: 0-100 #faf9f5
48: 0-100 #faf9f5
49: 0-100 #faf9f5
50: 0-100 #faf9f5
51: 0-100 #faf9f5
52: 0-100 #faf9f5
53: 0-100 #faf9f5
54: 0-100 #faf9f5
55: 0-100 #faf9f5
56: 0-44 #faf9f5
56: 44-57 #191a16
56: 57-100 #faf9f5
57: 0-44 #faf9f5
57: 44-57 #191a16
57: 57-100 #faf9f5
58: 0-100 #faf9f5
59: 0-100 #faf9f5
60: 0-100 #faf9f5
61: 0-100 #faf9f5
62: 0-100 #faf9f5
63: 0-100 #faf9f5
64: 0-100 #faf9f5
65: 0-100 #faf9f5
66: 0-100 #faf9f5
67: 0-100 #faf9f5
68: 0-100 #faf9f5
69: 0-100 #faf9f5
70: 0-100 #faf9f5
71: 0-100 #faf9f5
72: 0-100 #faf9f5
73: 0-100 #faf9f5
74: 0-100 #faf9f5
75: 0-100 #faf9f5
76: 0-100 #faf9f5
77: 0-100 #faf9f5
78: 0-100 #faf9f5
79: 0-100 #faf9f5
80: 0-100 #faf9f5
81: 0-100 #faf9f5
82: 0-100 #faf9f5
83: 0-100 #faf9f5
84: 0-100 #faf9f5
85: 0-100 #faf9f5
86: 0-100 #faf9f5
87: 0-100 #faf9f5
88: 0-100 #faf9f5
89: 0-100 #faf9f5
90: 0-100 #faf9f5
91: 0-100 #faf9f5
92: 0-100 #faf9f5
93: 0-100 #faf9f5
94: 0-100 #faf9f5
95: 0-100 #faf9f5
96: 0-100 #faf9f5
97: 0-100 #faf9f5
98: 0-100 #faf9f5
99: 0-100 #faf9f5
100: 0-100 #faf9f5
101: 0-100 #faf9f5
102: 0-100 #faf9f5
103: 0-100 #faf9f5
104: 0-100 #faf9f5
105: 0-100 #faf9f5
106: 0-100 #faf9f5
107: 0-100 #faf9f5
108: 0-100 #faf9f5
109: 0-100 #faf9f5
110: 0-100 #faf9f5
111: 0-100 #faf9f5
112: 0-100 #faf9f5
113: 0-100 #faf9f5
114: 0-100 #faf9f5
115: 0-100 #faf9f5
116: 0-100 #faf9f5
117: 0-100 #faf9f5
118: 0-100 #faf9f5`;

exports[`email fixture: inline-block-button.html 1`] = `























                                       XXXXXXXXXX XXX XXXXXXX


                                      xxxx xxxx x xxxxx xxxxxx


                                         XXXXXXX XXXX XXXX



                           xxxxxxxxxxxx x xxx xxxx xxxxx x xx xxxx xxxxxx

                                   XXXXX XXXXXXX X XXXX XXXXXXXX

             xxxx xxxx xxxxxxxx xxxxxxxx xx xxxxxxxx xxxxx xxxx xxxx xxxxxxx xxxx xxxx
               xxxxxxx xxxxxxx x xxx xxxx xxx xxxxxxx xxx xxx xxxx xxxxxxxxxx xxxx xx
                                  xxxx xx xxx xxxx xxxxxxxx xxxxx


                                         X  XXXXX XXX XXXXX


                                                 ╭──────────────────────╮
                                                 │                      │
                               GET TICKETS       │     WATCH ONLINE     │
                                                 │                      │
                                                 ╰──────────────────────╯

                                      xxx xxx xxxx xxxx xxxxx
                                 xx xxxxxxxxxxx xxxx xxx xxxxx xxxx




                                         xxxxx xx xxx xxxxx

                                      XXXXXXXXX XXXXX XXXXXXX
                                    xxx xx xxxx xxxxxxx xxx xxxx

                                   XXXXXXX XXXXXXX X  X  XXXXXXXX




                                            XXXXXXX XXXX

                                XXXXXXX XXXXX XXXXXXX XXXXXXXXXXXXX








               xxxx xxxxxxx      xxxxxxx xxxxxxxx      xxxxxxxxx      xxxxxxxx xxxxxxxx
                 xxxxxxx        xxxxxxxxxx xx xxx      xxxxxxxxx           xxxxxxxx
                xxxxxxxxxx             xxx              xxxxxxx


                                            XXXXXXXXXXX







                    xxx xxxx                 xxx xxxxxx            xxxxxxxx xxxxxxxx
                    xxxxxxxx                 xxx xxxxx                 xxxxxxxxx


                                         XXXXXX X XXXXXXXX








                  xxxxxx xxxxx              xxxx xxxxxx               xxxxx xxxxxx
                 xxx xxxxxxxxx                  xxx                       xxx


                                             XXXXXXXXXX








                  xxxxx xxxxx               xxxxx xxxxx             xxxxx xxxxxxxxx
                 xxxx xxxxxxxxx        xxxxxxxxxxxxx xxxxxxxx         xxxxxxxxxxxx




                                       xxxxxxx xxxxxx xx xxxx


                xxxxx xxx xxx xx xxxx xxxx xxxx xxxxxxxxx xxx xxxxxxx xxxxx xxxxxxx
               xxxxx xxxxxx xxxxxxxx xxxxx xxxxxx xx xxxxxx xx xxx xxxxxxxxx xx xxxx
                                               xxxxxx


                   ┌╌╌╌╌╌╌╌╌╌╌╌╌╌╌╌╌╌╌╌╌╌╌╌╌╌╌╌╌╌╌╌╌╌╌╌╌╌╌╌╌╌╌╌╌╌╌╌╌╌╌╌╌╌╌╌╌╌╌╌╌┐
                   ┆                                                            ┆
                   ┆                                                            ┆
                   ┆                        XXXXXXX XXXXX                       ┆
                   ┆             XX XXXXXXXXXXX XXXX XXX XXXXX XXXX             ┆
                   ┆                                                            ┆
                   ┆                           xxx xxx                          ┆
                   ┆                                                            ┆
                   ┆                                                            ┆
                   ┆                            XXXXX                           ┆
                   ┆                                                            ┆
                   ┆                                                            ┆
                   ┆     xxxxx xxx xxxx xx xxxxxxxxx xxxxx xx xxxxxxxxx xxx     ┆
                   ┆                     xxxxxxxxx xxxxxxxx                     ┆
                   ┆                                                            ┆
                   └╌╌╌╌╌╌╌╌╌╌╌╌╌╌╌╌╌╌╌╌╌╌╌╌╌╌╌╌╌╌╌╌╌╌╌╌╌╌╌╌╌╌╌╌╌╌╌╌╌╌╌╌╌╌╌╌╌╌╌╌┘



                                            GET TICKETS


               xx xxxxxx xx xxx xxxxxxxxx xxxxx xxxxxxxx xx xxxxxxxxx xxxx xxxxxxxxx




                                     XXXXX XXXX XX XX XXX XXXXX

                                       xxx xxxxxx xxxxxxxxxx


             xxxxx xxxxxxxxxxxxxxx xxxxxxxxxx xx xxx xxxxxxx xxxxxx xxxxxxxxx xxxxx xxx
             xxxxxxx xxxx xxxxxxxxx xxxxxxxx x xxxxxxx xx xxxxxxx xxxx xxx xxxx xxxxxxx
                                          xx xxxx xxxxxxx



                                        xxx     │        xxx
                                                │
                                     XXX XXXX   │   XXXXXXXXXXXX



                                          XXXX XXX XXXXXX


                                    xx xxxxx xxx xxxx xxxxx xxxx

                                         xx xxxx xxxxxxxxx





                                  XXXXXX  XXXXXXXX  XXX XXXXXXXXX

                        xxxxxxxxx xx xxxxxxxxxxxxxxx  x  xxxxxxxxxxxxxxxxxxx
                                    xxxxxxxx xxxxxxx xx xxxxxxx
                               xxxxxxxxx x xxxx xxxxxxxxxxxxxxx xxxx

                         xxxx xxxxx xxx xxxx xx xxxxxxxxxxxxxxxxxxxxxxxxxx
                 xxx xxx x xxx xxxxx xxxxxxxxxxx xxxx xxxx xxxx xxxxxx xxxxxxxxxxxx
                                            xxxxxxxxxxx
                 xxx xxxxx xxxx x xxxxx xxxxxxx xxxx x xxxxxxx xx xxxxxxxxxx x xxx











────────────────────────────────────────────────────────────────────────────────────────────────────

-- backgrounds --
0: 0-100 #e7e9ed
1: 0-100 #e7e9ed
2: 0-7 #e7e9ed
2: 7-93 #ffffff
2: 93-100 #e7e9ed
3: 0-7 #e7e9ed
3: 7-93 #ffffff
3: 93-100 #e7e9ed
4: 0-7 #e7e9ed
4: 7-93 #ffffff
4: 93-100 #e7e9ed
5: 0-7 #e7e9ed
5: 7-93 #1c2127
5: 93-100 #e7e9ed
6: 0-7 #e7e9ed
6: 7-93 #1c2127
6: 93-100 #e7e9ed
7: 0-7 #e7e9ed
7: 7-93 #1c2127
7: 93-100 #e7e9ed
8: 0-7 #e7e9ed
8: 7-93 #1c2127
8: 93-100 #e7e9ed
9: 0-7 #e7e9ed
9: 7-93 #1c2127
9: 93-100 #e7e9ed
10: 0-7 #e7e9ed
10: 7-93 #1c2127
10: 93-100 #e7e9ed
11: 0-7 #e7e9ed
11: 7-93 #1c2127
11: 93-100 #e7e9ed
12: 0-7 #e7e9ed
12: 7-93 #1c2127
12: 93-100 #e7e9ed
13: 0-7 #e7e9ed
13: 7-93 #1c2127
13: 93-100 #e7e9ed
14: 0-7 #e7e9ed
14: 7-93 #1c2127
14: 93-100 #e7e9ed
15: 0-7 #e7e9ed
15: 7-93 #1c2127
15: 93-100 #e7e9ed
16: 0-7 #e7e9ed
16: 7-93 #1c2127
16: 93-100 #e7e9ed
17: 0-7 #e7e9ed
17: 7-93 #1c2127
17: 93-100 #e7e9ed
18: 0-7 #e7e9ed
18: 7-93 #1c2127
18: 93-100 #e7e9ed
19: 0-7 #e7e9ed
19: 7-93 #1c2127
19: 93-100 #e7e9ed
20: 0-7 #e7e9ed
20: 7-93 #1c2127
20: 93-100 #e7e9ed
21: 0-7 #e7e9ed
21: 7-93 #1c2127
21: 93-100 #e7e9ed
22: 0-7 #e7e9ed
22: 7-93 #1c2127
22: 93-100 #e7e9ed
23: 0-7 #e7e9ed
23: 7-93 #1c2127
23: 93-100 #e7e9ed
24: 0-7 #e7e9ed
24: 7-93 #1c2127
24: 93-100 #e7e9ed
25: 0-7 #e7e9ed
25: 7-93 #1c2127
25: 93-100 #e7e9ed
26: 0-7 #e7e9ed
26: 7-93 #1c2127
26: 93-100 #e7e9ed
27: 0-7 #e7e9ed
27: 7-93 #1c2127
27: 93-100 #e7e9ed
28: 0-7 #e7e9ed
28: 7-93 #1c2127
28: 93-100 #e7e9ed
29: 0-7 #e7e9ed
29: 7-93 #1c2127
29: 93-100 #e7e9ed
30: 0-7 #e7e9ed
30: 7-93 #1c2127
30: 93-100 #e7e9ed
31: 0-7 #e7e9ed
31: 7-93 #1c2127
31: 93-100 #e7e9ed
32: 0-7 #e7e9ed
32: 7-93 #ffffff
32: 93-100 #e7e9ed
33: 0-7 #e7e9ed
33: 7-93 #ffffff
33: 93-100 #e7e9ed
34: 0-7 #e7e9ed
34: 7-93 #ffffff
34: 93-100 #e7e9ed
35: 0-7 #e7e9ed
35: 7-93 #ffffff
35: 93-100 #e7e9ed
36: 0-7 #e7e9ed
36: 7-93 #ffffff
36: 93-100 #e7e9ed
37: 0-7 #e7e9ed
37: 7-93 #ffffff
37: 93-100 #e7e9ed
38: 0-7 #e7e9ed
38: 7-93 #ffffff
38: 93-100 #e7e9ed
39: 0-7 #e7e9ed
39: 7-93 #ffffff
39: 93-100 #e7e9ed
40: 0-7 #e7e9ed
40: 7-93 #ffffff
40: 93-100 #e7e9ed
41: 0-7 #e7e9ed
41: 7-93 #ffffff
41: 93-100 #e7e9ed
42: 0-7 #e7e9ed
42: 7-20 #ffffff
42: 20-80 #600820
42: 80-93 #ffffff
42: 93-100 #e7e9ed
43: 0-7 #e7e9ed
43: 7-20 #ffffff
43: 20-80 #600820
43: 80-93 #ffffff
43: 93-100 #e7e9ed
44: 0-7 #e7e9ed
44: 7-20 #ffffff
44: 20-80 #600820
44: 80-93 #ffffff
44: 93-100 #e7e9ed
45: 0-7 #e7e9ed
45: 7-93 #ffffff
45: 93-100 #e7e9ed
46: 0-7 #e7e9ed
46: 7-26 #ffffff
46: 26-47 #600820
46: 47-93 #ffffff
46: 93-100 #e7e9ed
47: 0-7 #e7e9ed
47: 7-26 #ffffff
47: 26-47 #600820
47: 47-93 #ffffff
47: 93-100 #e7e9ed
48: 0-7 #e7e9ed
48: 7-26 #ffffff
48: 26-47 #600820
48: 47-93 #ffffff
48: 93-100 #e7e9ed
49: 0-7 #e7e9ed
49: 7-26 #ffffff
49: 26-47 #600820
49: 47-93 #ffffff
49: 93-100 #e7e9ed
50: 0-7 #e7e9ed
50: 7-26 #ffffff
50: 26-47 #600820
50: 47-93 #ffffff
50: 93-100 #e7e9ed
51: 0-7 #e7e9ed
51: 7-93 #ffffff
51: 93-100 #e7e9ed
52: 0-7 #e7e9ed
52: 7-93 #ffffff
52: 93-100 #e7e9ed
53: 0-7 #e7e9ed
53: 7-93 #ffffff
53: 93-100 #e7e9ed
54: 0-7 #e7e9ed
54: 7-93 #ffffff
54: 93-100 #e7e9ed
55: 0-7 #e7e9ed
55: 7-93 #ffffff
55: 93-100 #e7e9ed
56: 0-7 #e7e9ed
56: 7-93 #1c2127
56: 93-100 #e7e9ed
57: 0-7 #e7e9ed
57: 7-93 #1c2127
57: 93-100 #e7e9ed
58: 0-7 #e7e9ed
58: 7-93 #1c2127
58: 93-100 #e7e9ed
59: 0-7 #e7e9ed
59: 7-93 #1c2127
59: 93-100 #e7e9ed
60: 0-7 #e7e9ed
60: 7-93 #1c2127
60: 93-100 #e7e9ed
61: 0-7 #e7e9ed
61: 7-93 #1c2127
61: 93-100 #e7e9ed
62: 0-7 #e7e9ed
62: 7-93 #1c2127
62: 93-100 #e7e9ed
63: 0-7 #e7e9ed
63: 7-93 #1c2127
63: 93-100 #e7e9ed
64: 0-7 #e7e9ed
64: 7-93 #1c2127
64: 93-100 #e7e9ed
65: 0-7 #e7e9ed
65: 7-93 #1c2127
65: 93-100 #e7e9ed
66: 0-100 #e7e9ed
67: 0-100 #e7e9ed
68: 0-100 #e7e9ed
69: 0-100 #e7e9ed
70: 0-100 #e7e9ed
71: 0-100 #e7e9ed
72: 0-100 #e7e9ed
73: 0-100 #e7e9ed
74: 0-100 #e7e9ed
75: 0-100 #e7e9ed
76: 0-100 #e7e9ed
77: 0-100 #e7e9ed
78: 0-100 #e7e9ed
79: 0-100 #e7e9ed
80: 0-100 #e7e9ed
81: 0-100 #e7e9ed
82: 0-100 #e7e9ed
83: 0-100 #e7e9ed
84: 0-100 #e7e9ed
85: 0-100 #e7e9ed
86: 0-100 #e7e9ed
87: 0-100 #e7e9ed
88: 0-100 #e7e9ed
89: 0-100 #e7e9ed
90: 0-100 #e7e9ed
91: 0-100 #e7e9ed
92: 0-100 #e7e9ed
93: 0-100 #e7e9ed
94: 0-100 #e7e9ed
95: 0-100 #e7e9ed
96: 0-100 #e7e9ed
97: 0-100 #e7e9ed
98: 0-100 #e7e9ed
99: 0-100 #e7e9ed
100: 0-100 #e7e9ed
101: 0-100 #e7e9ed
102: 0-100 #e7e9ed
103: 0-100 #e7e9ed
104: 0-100 #e7e9ed
105: 0-100 #e7e9ed
106: 0-100 #e7e9ed
107: 0-100 #e7e9ed
108: 0-100 #e7e9ed
109: 0-100 #e7e9ed
110: 0-100 #e7e9ed
111: 0-100 #e7e9ed
112: 0-100 #e7e9ed
113: 0-100 #e7e9ed
114: 0-100 #e7e9ed
115: 0-100 #e7e9ed
116: 0-100 #e7e9ed
117: 0-100 #e7e9ed
118: 0-100 #e7e9ed
119: 0-100 #e7e9ed
120: 0-100 #e7e9ed
121: 0-100 #e7e9ed
122: 0-7 #e7e9ed
122: 7-93 #f6e3dd
122: 93-100 #e7e9ed
123: 0-7 #e7e9ed
123: 7-93 #f6e3dd
123: 93-100 #e7e9ed
124: 0-7 #e7e9ed
124: 7-93 #f6e3dd
124: 93-100 #e7e9ed
125: 0-7 #e7e9ed
125: 7-93 #f6e3dd
125: 93-100 #e7e9ed
126: 0-7 #e7e9ed
126: 7-93 #f6e3dd
126: 93-100 #e7e9ed
127: 0-7 #e7e9ed
127: 7-93 #f6e3dd
127: 93-100 #e7e9ed
128: 0-7 #e7e9ed
128: 7-93 #f6e3dd
128: 93-100 #e7e9ed
129: 0-7 #e7e9ed
129: 7-93 #f6e3dd
129: 93-100 #e7e9ed
130: 0-7 #e7e9ed
130: 7-93 #f6e3dd
130: 93-100 #e7e9ed
131: 0-7 #e7e9ed
131: 7-93 #f6e3dd
131: 93-100 #e7e9ed
132: 0-7 #e7e9ed
132: 7-19 #f6e3dd
132: 19-81 #ffffff
132: 81-93 #f6e3dd
132: 93-100 #e7e9ed
133: 0-7 #e7e9ed
133: 7-19 #f6e3dd
133: 19-81 #ffffff
133: 81-93 #f6e3dd
133: 93-100 #e7e9ed
134: 0-7 #e7e9ed
134: 7-19 #f6e3dd
134: 19-81 #ffffff
134: 81-93 #f6e3dd
134: 93-100 #e7e9ed
135: 0-7 #e7e9ed
135: 7-19 #f6e3dd
135: 19-81 #ffffff
135: 81-93 #f6e3dd
135: 93-100 #e7e9ed
136: 0-7 #e7e9ed
136: 7-19 #f6e3dd
136: 19-81 #ffffff
136: 81-93 #f6e3dd
136: 93-100 #e7e9ed
137: 0-7 #e7e9ed
137: 7-19 #f6e3dd
137: 19-81 #ffffff
137: 81-93 #f6e3dd
137: 93-100 #e7e9ed
138: 0-7 #e7e9ed
138: 7-19 #f6e3dd
138: 19-81 #ffffff
138: 81-93 #f6e3dd
138: 93-100 #e7e9ed
139: 0-7 #e7e9ed
139: 7-19 #f6e3dd
139: 19-81 #ffffff
139: 81-93 #f6e3dd
139: 93-100 #e7e9ed
140: 0-7 #e7e9ed
140: 7-19 #f6e3dd
140: 19-44 #ffffff
140: 44-57 #1c2127
140: 57-81 #ffffff
140: 81-93 #f6e3dd
140: 93-100 #e7e9ed
141: 0-7 #e7e9ed
141: 7-19 #f6e3dd
141: 19-44 #ffffff
141: 44-57 #1c2127
141: 57-81 #ffffff
141: 81-93 #f6e3dd
141: 93-100 #e7e9ed
142: 0-7 #e7e9ed
142: 7-19 #f6e3dd
142: 19-44 #ffffff
142: 44-57 #1c2127
142: 57-81 #ffffff
142: 81-93 #f6e3dd
142: 93-100 #e7e9ed
143: 0-7 #e7e9ed
143: 7-19 #f6e3dd
143: 19-81 #ffffff
143: 81-93 #f6e3dd
143: 93-100 #e7e9ed
144: 0-7 #e7e9ed
144: 7-19 #f6e3dd
144: 19-81 #ffffff
144: 81-93 #f6e3dd
144: 93-100 #e7e9ed
145: 0-7 #e7e9ed
145: 7-19 #f6e3dd
145: 19-81 #ffffff
145: 81-93 #f6e3dd
145: 93-100 #e7e9ed
146: 0-7 #e7e9ed
146: 7-19 #f6e3dd
146: 19-81 #ffffff
146: 81-93 #f6e3dd
146: 93-100 #e7e9ed
147: 0-7 #e7e9ed
147: 7-19 #f6e3dd
147: 19-81 #ffffff
147: 81-93 #f6e3dd
147: 93-100 #e7e9ed
148: 0-7 #e7e9ed
148: 7-93 #f6e3dd
148: 93-100 #e7e9ed
149: 0-7 #e7e9ed
149: 7-93 #f6e3dd
149: 93-100 #e7e9ed
150: 0-7 #e7e9ed
150: 7-39 #f6e3dd
150: 39-60 #600820
150: 60-93 #f6e3dd
150: 93-100 #e7e9ed
151: 0-7 #e7e9ed
151: 7-39 #f6e3dd
151: 39-60 #600820
151: 60-93 #f6e3dd
151: 93-100 #e7e9ed
152: 0-7 #e7e9ed
152: 7-39 #f6e3dd
152: 39-60 #600820
152: 60-93 #f6e3dd
152: 93-100 #e7e9ed
153: 0-7 #e7e9ed
153: 7-93 #f6e3dd
153: 93-100 #e7e9ed
154: 0-7 #e7e9ed
154: 7-93 #f6e3dd
154: 93-100 #e7e9ed
155: 0-7 #e7e9ed
155: 7-93 #f6e3dd
155: 93-100 #e7e9ed
156: 0-7 #e7e9ed
156: 7-93 #f6e3dd
156: 93-100 #e7e9ed
157: 0-7 #e7e9ed
157: 7-93 #ffffff
157: 93-100 #e7e9ed
158: 0-7 #e7e9ed
158: 7-93 #ffffff
158: 93-100 #e7e9ed
159: 0-7 #e7e9ed
159: 7-93 #ffffff
159: 93-100 #e7e9ed
160: 0-7 #e7e9ed
160: 7-93 #ffffff
160: 93-100 #e7e9ed
161: 0-7 #e7e9ed
161: 7-93 #ffffff
161: 93-100 #e7e9ed
162: 0-7 #e7e9ed
162: 7-93 #ffffff
162: 93-100 #e7e9ed
163: 0-7 #e7e9ed
163: 7-93 #ffffff
163: 93-100 #e7e9ed
164: 0-7 #e7e9ed
164: 7-93 #ffffff
164: 93-100 #e7e9ed
165: 0-7 #e7e9ed
165: 7-93 #ffffff
165: 93-100 #e7e9ed
166: 0-7 #e7e9ed
166: 7-93 #ffffff
166: 93-100 #e7e9ed
167: 0-7 #e7e9ed
167: 7-93 #ffffff
167: 93-100 #e7e9ed
168: 0-7 #e7e9ed
168: 7-93 #ffffff
168: 93-100 #e7e9ed
169: 0-7 #e7e9ed
169: 7-93 #ffffff
169: 93-100 #e7e9ed
170: 0-7 #e7e9ed
170: 7-93 #ffffff
170: 93-100 #e7e9ed
171: 0-7 #e7e9ed
171: 7-93 #ffffff
171: 93-100 #e7e9ed
172: 0-7 #e7e9ed
172: 7-93 #ffffff
172: 93-100 #e7e9ed
173: 0-7 #e7e9ed
173: 7-93 #ffffff
173: 93-100 #e7e9ed
174: 0-7 #e7e9ed
174: 7-93 #ffffff
174: 93-100 #e7e9ed
175: 0-7 #e7e9ed
175: 7-37 #ffffff
175: 37-62 #600820
175: 62-93 #ffffff
175: 93-100 #e7e9ed
176: 0-7 #e7e9ed
176: 7-37 #ffffff
176: 37-62 #600820
176: 62-93 #ffffff
176: 93-100 #e7e9ed
177: 0-7 #e7e9ed
177: 7-37 #ffffff
177: 37-62 #600820
177: 62-93 #ffffff
177: 93-100 #e7e9ed
178: 0-7 #e7e9ed
178: 7-93 #ffffff
178: 93-100 #e7e9ed
179: 0-7 #e7e9ed
179: 7-93 #ffffff
179: 93-100 #e7e9ed
180: 0-7 #e7e9ed
180: 7-93 #ffffff
180: 93-100 #e7e9ed
181: 0-7 #e7e9ed
181: 7-93 #ffffff
181: 93-100 #e7e9ed
182: 0-7 #e7e9ed
182: 7-93 #ffffff
182: 93-100 #e7e9ed
183: 0-7 #e7e9ed
183: 7-93 #ffffff
183: 93-100 #e7e9ed
184: 0-7 #e7e9ed
184: 7-93 #1c2127
184: 93-100 #e7e9ed
185: 0-7 #e7e9ed
185: 7-93 #1c2127
185: 93-100 #e7e9ed
186: 0-7 #e7e9ed
186: 7-93 #1c2127
186: 93-100 #e7e9ed
187: 0-7 #e7e9ed
187: 7-93 #1c2127
187: 93-100 #e7e9ed
188: 0-7 #e7e9ed
188: 7-93 #1c2127
188: 93-100 #e7e9ed
189: 0-7 #e7e9ed
189: 7-93 #1c2127
189: 93-100 #e7e9ed
190: 0-7 #e7e9ed
190: 7-93 #1c2127
190: 93-100 #e7e9ed
191: 0-7 #e7e9ed
191: 7-93 #1c2127
191: 93-100 #e7e9ed
192: 0-7 #e7e9ed
192: 7-93 #1c2127
192: 93-100 #e7e9ed
193: 0-7 #e7e9ed
193: 7-93 #1c2127
193: 93-100 #e7e9ed
194: 0-7 #e7e9ed
194: 7-93 #1c2127
194: 93-100 #e7e9ed
195: 0-7 #e7e9ed
195: 7-93 #1c2127
195: 93-100 #e7e9ed
196: 0-7 #e7e9ed
196: 7-93 #1c2127
196: 93-100 #e7e9ed
197: 0-7 #e7e9ed
197: 7-93 #1c2127
197: 93-100 #e7e9ed
198: 0-7 #e7e9ed
198: 7-93 #1c2127
198: 93-100 #e7e9ed
199: 0-7 #e7e9ed
199: 7-93 #1c2127
199: 93-100 #e7e9ed
200: 0-100 #e7e9ed
201: 0-100 #e7e9ed
202: 0-100 #e7e9ed
203: 0-100 #e7e9ed
204: 0-100 #e7e9ed
205: 0-100 #e7e9ed
206: 0-100 #e7e9ed
207: 0-100 #e7e9ed
208: 0-100 #ffffff
209: 0-100 #ffffff
210: 0-100 #ffffff`;

exports[`email fixture: inline-code.html 1`] = `

                                                                         View in browser

       ╭────────────────────────────────────────────────────────────────────────────────────╮
       │                                                                                    │
       │                                                                                    │
       │                                                                                    │
       │     xxxxxx xxxxxx x xxxxx xx                                                       │
       │                                                                                    │
       │     xxxxx xxx                                                                      │
       │                                                                                    │
       │     xxx xxxx x xxxxxxx xxxx xxxxxxxxxx xxxxxx xxxxx xx xxx xxx xxxxx xxxxxxxx      │
       │     xxxxx xx xxxx xxxx xxxx xxxxx xxxxx xxxxx xxxx xxx xxxxx xxxx xxxxxx           │
       │     xxxxxxxxx xxx xxxxxxxx xxxxx xxxxxx xx xxxx xxx xxxx xxxxxxxx xxxxxxxxxx       │
       │     xxx xxxxxx xxxxxx xxxxxxxxxx xxxx xxxx xxxxx xx xxxx xxxxxxxxxxxxx xxxx        │
       │     xxxxx xxx xxxxxxxx xxxxxxx x xxxxxxxxx xxxxx xxxxx xx xxxx xxxxx xxx xxxxx     │
       │     xxxx xxxx xxxxxxxx xxx xxxxxxxxx xxxx xxxxx xxxxxx xxxxxxxxxx xxxxxxxx         │
       │     xxxxx xxxxxxx xxxxx xxxxxxxx xxx xxxxxx xxxxxxx xxxxxx xx xxxxxxxx xxxx        │
       │     xxxx xxx xxxxx xxxx xxxxxx xxxxxx xx xxxx xxxxxxxxx xxxx xxxxxx xxxx xxxxx     │
       │     xxxxxxxx xxxx xx xxxx xxxxxxxx                                                 │
       │                                                                                    │
       │                                                                                    │
       │     XXXXXXXX                                                                       │
       │                                                                                    │
       │     ──────────────────────────────────────────────────────────────────────────     │
       │                                                                                    │
       │                                                                                    │
       │     xxxx xxxxx xxxxxx                                                              │
       │     xxxxxxxxx                                                                      │
       │     xxxxx xxxxxxx xxxxxxx xxx xxxxxxxxxx xxxxxx xx xxx xxxxx xxxxxx xxxxx          │
       │     xxxxxxxx xxxx xx xxxxx xxxxx xxxx xx xxxxxx xxxxxxxxx xxxxxxxxxx               │
       │                                                                                    │
       │     xxxxxxxxx xxxx xxxxxxxxxxx xx xxxxxxxx xxxx xxx                                │
       │     xxxxxxxxxxx                                                                    │
       │     xxxxxxxx xxxxxxxxxxx xxxx xxxxx xxx xxxxxxxxxxxxxxxx xxxx xxxx xxxxxxxx        │
       │     xxxx xxx xxxxxxxxx xxxxx xxxxxxx xxx xxxxx xxxxxxxxxxxx                        │
       │                                                                                    │
       │     xxx xxxxxxxxxx xxxxxxxxx x xxxxxxxxxxxx xxxx xxxxxxxx xxxxxxxxxxxxx xx         │
       │     xxxxxxxxxx                                                                     │
       │     xxxxxxxxxxxxxxxxxxx                                                            │
       │     xx xxxxxx xxxxxxxxxxx xx xxxxxxxxxxxxxxxxxx xxxxxxx xxxxxxx xxxxxxxxx          │
       │     xxxxxxx                                                                        │
       │                                                                                    │
       │                                                                                    │
       │                                                                                    │
       │     XXXXX                                                                          │
       │                                                                                    │
       │     ──────────────────────────────────────────────────────────────────────────     │
       │                                                                                    │
       │     xx xx xxxxxxxxx xxxxx                                                          │
       │     xxxxxxxxxxxxxxx                                                                │
       │     x xxxxx xxxxxxxxx xxxx xxxxxxx xxxxxxx x xxxxx xxxxxxxx xxxxxxxxx xxxxx        │
       │     xxxx xxxxxx xxxxx xxx xxxxx xxxxxxxxxx xxx                                     │
       │                                                                                    │
       │                                                                                    │
       │     XXXXXXXXX                                                                      │
       │                                                                                    │
       │     ──────────────────────────────────────────────────────────────────────────     │
       │                                                                                    │
       │     xxxxxxxx xxxxx xx xxxxxxx xxxxx xxxx xx xxxxxxx xxxxxxx                        │
       │     xxxxxxxxxxxxxxx                                                                │
       │     xx xxx xxxxxxx xx xxxxxxx xxxxx xxx xxxxxx xxxx xx xxxxxxx xxxxxxx xx          │
       │     xxxxxx xxxxxxxxxxxx xxxxxx xxxxxxx xxxxx xx xxxx xx x xxxx xxxx                │
       │                                                                                    │
       │                                                                                    │
       │     xxxx xxxxxxxxxx xx x xxxxxxx xxxx xxx xxxxxxxxxxxxxxxxxxx xxxxxx xxxxxxx       │
       │     xxxxxxx                                                                        │
       │     xxxxxx xxxxx x xxxxxxxxxxxxxxx xxxxxx xxxxxxx xxxx xxxxxxxxxx                  │
       │     xxxxxxxxxxxxxxxxxxxx                                                           │
       │                                                                                    │
       │     xxxxxxx xxxxxx xxxxx xxxxx xx xxxxxxx                                          │
       │     xxxxxxxxxxxxxxxx                                                               │
       │     x xxxxxxxxx xxxxxxxxx xxx xxxxxxx xxxxxxx xxxxxxxxxxxxxxxxxxxxxx xxxxxx xx     │
       │     xxxxxx xxxx xxx xxxxxxx xxxxx                                                  │
       │                                                                                    │
       │     xxxxxx xxx xxxxxxx xxxxxxxx x xxxxxxxxxxxxx xxxxxx xxxxx xxxx xxxxxxxx xxx     │
       │     xxx                                                                            │
       │     xxxxxxxxxxxx                                                                   │
       │     xxxxx xxx xx xxxx xxx xxxxx xxxxxx xxxxxxxxxxxx xxxx xxx xxxxx                 │
       │     xxxxxxxxxxxx xxxxx xxxxxx xxxx xxxxxxxxx xxxxxxx xxx xxxx                      │
       │                                                                                    │
       │                                                                                    │
       │                                                                                    │
       │     XX                                                                             │
       │                                                                                    │
       │     ──────────────────────────────────────────────────────────────────────────     │
       │                                                                                    │
       │     xxxxxxxxx xxxx xxxxxxxx x xxxxxx xx xxxxxxxx xxx xxxxxxx xxxxxxxx              │
       │     xxxxxxxxxxx                                                                    │
       │     xxxxxxxxxxxxxxxxxx                                                             │
       │     xxxxxxxxxx xxxxx xxxxxxxxxxx xxxx xx xx xxxxxxx xx xxxx xxxxxx xxx             │
       │     xxxxxxxxx xxx xxxxxxxxx xxxxxxxxxxxx xxxxxx xxxxxx                             │
       │                                                                                    │
       │     xxxxxxxx xxxxxxxxxxx xxxxxxxxx xx xxx xx xxx                                   │
       │     xxxxxxxxxx                                                                     │
       │     xxxx xxxxx xx xxxx xxxxxxxxxxxxx xxxx xxxxx xxx xxxxxxxx xxxxxxx               │
       │     xxxxxxxxxx xxx xxxxxxxxxxxx xxxxxxxxxxxx xxx x xxx xxxxx                       │
       │                                                                                    │
       │                                                                                    │
       │     xx xxxxx xx x xxxx xx                                                          │
       │     xxxxxxxxxxxxxxxxxxxxxx                                                         │
       │     xx xxxxxx xxxxxxx xxxx xxxx xxx xxxxxxxxxxx xxxx xxx xx xxxxxx xx xxxxx        │
       │     xxx xxx                                                                        │
       │                                                                                    │
       │                                                                                    │
       │     XXXXXXXX                                                                       │
       │                                                                                    │
       │     ──────────────────────────────────────────────────────────────────────────     │
       │                                                                                    │
       │     xxxx xxxxxx x xxxxxxxxx xxxx xxxxxx xxxx xxxxxxx xxxx xxxxx                    │
       │     xxxxxxxxxxxxxx                                                                 │
       │     x xxxxxx xxxxxxx xxx xx xxxxxx xx xxxx xxxxxxxxx xxxx xxxxxx xxxx xxxx         │
       │     xxxxxxxx xxxx xx xxx xxxxxxx xxxx x xxxxxxxxx                                  │
       │                                                                                    │
       │                                                                                    │
       │     ──────────────────────────────────────────────────────────────────────────     │
       │                                                                                    │
       │                                                                                    │
       ╰────────────────────────────────────────────────────────────────────────────────────╯

                                    xxxxxxxxxxx  x  xxxx xxxxxx
                                       xxxxxxx xx xxxxx xxxx

-- backgrounds --
0: 0-100 #fafcfb
1: 0-100 #fafcfb
2: 0-100 #fafcfb
3: 0-100 #fafcfb
4: 0-7 #fafcfb
4: 7-93 #ffffff
4: 93-100 #fafcfb
5: 0-7 #fafcfb
5: 7-93 #ffffff
5: 93-100 #fafcfb
6: 0-7 #fafcfb
6: 7-93 #ffffff
6: 93-100 #fafcfb
7: 0-7 #fafcfb
7: 7-93 #ffffff
7: 93-100 #fafcfb
8: 0-7 #fafcfb
8: 7-93 #ffffff
8: 93-100 #fafcfb
9: 0-7 #fafcfb
9: 7-93 #ffffff
9: 93-100 #fafcfb
10: 0-7 #fafcfb
10: 7-93 #ffffff
10: 93-100 #fafcfb
11: 0-7 #fafcfb
11: 7-93 #ffffff
11: 93-100 #fafcfb
12: 0-7 #fafcfb
12: 7-93 #ffffff
12: 93-100 #fafcfb
13: 0-7 #fafcfb
13: 7-93 #ffffff
13: 93-100 #fafcfb
14: 0-7 #fafcfb
14: 7-93 #ffffff
14: 93-100 #fafcfb
15: 0-7 #fafcfb
15: 7-93 #ffffff
15: 93-100 #fafcfb
16: 0-7 #fafcfb
16: 7-93 #ffffff
16: 93-100 #fafcfb
17: 0-7 #fafcfb
17: 7-93 #ffffff
17: 93-100 #fafcfb
18: 0-7 #fafcfb
18: 7-33 #ffffff
18: 33-41 #000000
18: 41-93 #ffffff
18: 93-100 #fafcfb
19: 0-7 #fafcfb
19: 7-93 #ffffff
19: 93-100 #fafcfb
20: 0-7 #fafcfb
20: 7-93 #ffffff
20: 93-100 #fafcfb
21: 0-7 #fafcfb
21: 7-93 #ffffff
21: 93-100 #fafcfb
22: 0-7 #fafcfb
22: 7-93 #ffffff
22: 93-100 #fafcfb
23: 0-7 #fafcfb
23: 7-93 #ffffff
23: 93-100 #fafcfb
24: 0-7 #fafcfb
24: 7-93 #ffffff
24: 93-100 #fafcfb
25: 0-7 #fafcfb
25: 7-93 #ffffff
25: 93-100 #fafcfb
26: 0-7 #fafcfb
26: 7-93 #ffffff
26: 93-100 #fafcfb
27: 0-7 #fafcfb
27: 7-93 #ffffff
27: 93-100 #fafcfb
28: 0-7 #fafcfb
28: 7-93 #ffffff
28: 93-100 #fafcfb
29: 0-7 #fafcfb
29: 7-93 #ffffff
29: 93-100 #fafcfb
30: 0-7 #fafcfb
30: 7-93 #ffffff
30: 93-100 #fafcfb
31: 0-7 #fafcfb
31: 7-93 #ffffff
31: 93-100 #fafcfb
32: 0-7 #fafcfb
32: 7-93 #ffffff
32: 93-100 #fafcfb
33: 0-7 #fafcfb
33: 7-93 #ffffff
33: 93-100 #fafcfb
34: 0-7 #fafcfb
34: 7-93 #ffffff
34: 93-100 #fafcfb
35: 0-7 #fafcfb
35: 7-93 #ffffff
35: 93-100 #fafcfb
36: 0-7 #fafcfb
36: 7-93 #ffffff
36: 93-100 #fafcfb
37: 0-7 #fafcfb
37: 7-93 #ffffff
37: 93-100 #fafcfb
38: 0-7 #fafcfb
38: 7-93 #ffffff
38: 93-100 #fafcfb
39: 0-7 #fafcfb
39: 7-93 #ffffff
39: 93-100 #fafcfb
40: 0-7 #fafcfb
40: 7-93 #ffffff
40: 93-100 #fafcfb
41: 0-7 #fafcfb
41: 7-93 #ffffff
41: 93-100 #fafcfb
42: 0-7 #fafcfb
42: 7-93 #ffffff
42: 93-100 #fafcfb
43: 0-7 #fafcfb
43: 7-93 #ffffff
43: 93-100 #fafcfb
44: 0-7 #fafcfb
44: 7-93 #ffffff
44: 93-100 #fafcfb
45: 0-7 #fafcfb
45: 7-93 #ffffff
45: 93-100 #fafcfb
46: 0-7 #fafcfb
46: 7-93 #ffffff
46: 93-100 #fafcfb
47: 0-7 #fafcfb
47: 7-93 #ffffff
47: 93-100 #fafcfb
48: 0-7 #fafcfb
48: 7-93 #ffffff
48: 93-100 #fafcfb
49: 0-7 #fafcfb
49: 7-93 #ffffff
49: 93-100 #fafcfb
50: 0-7 #fafcfb
50: 7-93 #ffffff
50: 93-100 #fafcfb
51: 0-7 #fafcfb
51: 7-93 #ffffff
51: 93-100 #fafcfb
52: 0-7 #fafcfb
52: 7-93 #ffffff
52: 93-100 #fafcfb
53: 0-7 #fafcfb
53: 7-93 #ffffff
53: 93-100 #fafcfb
54: 0-7 #fafcfb
54: 7-93 #ffffff
54: 93-100 #fafcfb
55: 0-7 #fafcfb
55: 7-93 #ffffff
55: 93-100 #fafcfb
56: 0-7 #fafcfb
56: 7-93 #ffffff
56: 93-100 #fafcfb
57: 0-7 #fafcfb
57: 7-93 #ffffff
57: 93-100 #fafcfb
58: 0-7 #fafcfb
58: 7-93 #ffffff
58: 93-100 #fafcfb
59: 0-7 #fafcfb
59: 7-93 #ffffff
59: 93-100 #fafcfb
60: 0-7 #fafcfb
60: 7-93 #ffffff
60: 93-100 #fafcfb
61: 0-7 #fafcfb
61: 7-93 #ffffff
61: 93-100 #fafcfb
62: 0-7 #fafcfb
62: 7-93 #ffffff
62: 93-100 #fafcfb
63: 0-7 #fafcfb
63: 7-93 #ffffff
63: 93-100 #fafcfb
64: 0-7 #fafcfb
64: 7-93 #ffffff
64: 93-100 #fafcfb
65: 0-7 #fafcfb
65: 7-93 #ffffff
65: 93-100 #fafcfb
66: 0-7 #fafcfb
66: 7-93 #ffffff
66: 93-100 #fafcfb
67: 0-7 #fafcfb
67: 7-93 #ffffff
67: 93-100 #fafcfb
68: 0-7 #fafcfb
68: 7-93 #ffffff
68: 93-100 #fafcfb
69: 0-7 #fafcfb
69: 7-93 #ffffff
69: 93-100 #fafcfb
70: 0-7 #fafcfb
70: 7-93 #ffffff
70: 93-100 #fafcfb
71: 0-7 #fafcfb
71: 7-93 #ffffff
71: 93-100 #fafcfb
72: 0-7 #fafcfb
72: 7-93 #ffffff
72: 93-100 #fafcfb
73: 0-7 #fafcfb
73: 7-55 #ffffff
73: 55-76 #000000
73: 76-93 #ffffff
73: 93-100 #fafcfb
74: 0-7 #fafcfb
74: 7-93 #ffffff
74: 93-100 #fafcfb
75: 0-7 #fafcfb
75: 7-93 #ffffff
75: 93-100 #fafcfb
76: 0-7 #fafcfb
76: 7-93 #ffffff
76: 93-100 #fafcfb
77: 0-7 #fafcfb
77: 7-93 #ffffff
77: 93-100 #fafcfb
78: 0-7 #fafcfb
78: 7-93 #ffffff
78: 93-100 #fafcfb
79: 0-7 #fafcfb
79: 7-93 #ffffff
79: 93-100 #fafcfb
80: 0-7 #fafcfb
80: 7-93 #ffffff
80: 93-100 #fafcfb
81: 0-7 #fafcfb
81: 7-93 #ffffff
81: 93-100 #fafcfb
82: 0-7 #fafcfb
82: 7-93 #ffffff
82: 93-100 #fafcfb
83: 0-7 #fafcfb
83: 7-93 #ffffff
83: 93-100 #fafcfb
84: 0-7 #fafcfb
84: 7-93 #ffffff
84: 93-100 #fafcfb
85: 0-7 #fafcfb
85: 7-93 #ffffff
85: 93-100 #fafcfb
86: 0-7 #fafcfb
86: 7-93 #ffffff
86: 93-100 #fafcfb
87: 0-7 #fafcfb
87: 7-93 #ffffff
87: 93-100 #fafcfb
88: 0-7 #fafcfb
88: 7-93 #ffffff
88: 93-100 #fafcfb
89: 0-7 #fafcfb
89: 7-93 #ffffff
89: 93-100 #fafcfb
90: 0-7 #fafcfb
90: 7-93 #ffffff
90: 93-100 #fafcfb
91: 0-7 #fafcfb
91: 7-93 #ffffff
91: 93-100 #fafcfb
92: 0-7 #fafcfb
92: 7-93 #ffffff
92: 93-100 #fafcfb
93: 0-7 #fafcfb
93: 7-93 #ffffff
93: 93-100 #fafcfb
94: 0-7 #fafcfb
94: 7-93 #ffffff
94: 93-100 #fafcfb
95: 0-7 #fafcfb
95: 7-93 #ffffff
95: 93-100 #fafcfb
96: 0-7 #fafcfb
96: 7-93 #ffffff
96: 93-100 #fafcfb
97: 0-7 #fafcfb
97: 7-93 #ffffff
97: 93-100 #fafcfb
98: 0-7 #fafcfb
98: 7-93 #ffffff
98: 93-100 #fafcfb
99: 0-7 #fafcfb
99: 7-93 #ffffff
99: 93-100 #fafcfb
100: 0-7 #fafcfb
100: 7-93 #ffffff
100: 93-100 #fafcfb
101: 0-7 #fafcfb
101: 7-93 #ffffff
101: 93-100 #fafcfb
102: 0-7 #fafcfb
102: 7-93 #ffffff
102: 93-100 #fafcfb
103: 0-7 #fafcfb
103: 7-93 #ffffff
103: 93-100 #fafcfb
104: 0-7 #fafcfb
104: 7-93 #ffffff
104: 93-100 #fafcfb
105: 0-7 #fafcfb
105: 7-93 #ffffff
105: 93-100 #fafcfb
106: 0-7 #fafcfb
106: 7-93 #ffffff
106: 93-100 #fafcfb
107: 0-7 #fafcfb
107: 7-93 #ffffff
107: 93-100 #fafcfb
108: 0-7 #fafcfb
108: 7-93 #ffffff
108: 93-100 #fafcfb
109: 0-7 #fafcfb
109: 7-93 #ffffff
109: 93-100 #fafcfb
110: 0-7 #fafcfb
110: 7-93 #ffffff
110: 93-100 #fafcfb
111: 0-7 #fafcfb
111: 7-93 #ffffff
111: 93-100 #fafcfb
112: 0-7 #fafcfb
112: 7-93 #ffffff
112: 93-100 #fafcfb
113: 0-7 #fafcfb
113: 7-93 #ffffff
113: 93-100 #fafcfb
114: 0-7 #fafcfb
114: 7-93 #ffffff
114: 93-100 #fafcfb
115: 0-7 #fafcfb
115: 7-93 #ffffff
115: 93-100 #fafcfb
116: 0-7 #fafcfb
116: 7-93 #ffffff
116: 93-100 #fafcfb
117: 0-7 #fafcfb
117: 7-93 #ffffff
117: 93-100 #fafcfb
118: 0-7 #fafcfb
118: 7-93 #ffffff
118: 93-100 #fafcfb
119: 0-7 #fafcfb
119: 7-93 #ffffff
119: 93-100 #fafcfb
120: 0-100 #fafcfb
121: 0-100 #fafcfb
122: 0-100 #fafcfb
123: 0-100 #fafcfb
124: 0-100 #fafcfb
125: 0-100 #fafcfb`;

exports[`email fixture: mjml-columns.html 1`] = `






────────────────────────────────────────────────────────────────────────────────────────────────────









xx xxxxx xxx

xxxx xxxxxxxx xxxxxxx xxxx xxxxxxx xxxxxxxxxxx xxxxxxx xxxxxxx xx xxxxxxxxx xxxxxxx xxxxxxxx xxx
xxxx xx x xxxxx xxxx xx xxxxxx xxxx xxxxxxxxxx xxxxxxx xxx xxxxxxx xxx xxxxx xxxxxx xxxx xxxxxxx
xxxx xxxxxxxx

xxx xxx xxxx x xxxxxx xxxx xxxxxxxxx xxxx xxx xxxx xxxxxxxx xxxxx xxxx xxxxxx xx xxxxxxx

xxxx xxxxxxxx

xxxxxxx xxxxxxxxxxx xxxxxxx xxxxxxx




   xxxx x xxxxxx



────────────────────────────────────────────────────────────────────────────────────────────────────



                                                                                    xxxxxxxx xxx xxx


xxxxxxx xxxx xxxxxx

xxxxxxxx xxx xxxxxxxx

xxxxxxxxxxxxx xxxxxxxxxxx

xxxxxxxxxxx

xxxxxxx xxxxxx



x xxxx xxxxxxxx xxxx xxx xxxxxx xxxxxxxxx xxxxxxxx xxx xxx xxxxxxxx xxxx xxx xxxxxxxxxx xxxxxxxxxx
xx xxxxxxxxx xxxx xxx xxxxx xxxxxxxxxx xxx xxxxxxxx xx xxxxx xxxxxxxxxx xxxxxxx

xxxxxxxx x xxxx xxxx xx xxxxxx xxxxx xxxxx xxxx xxxxxxxx xxxxx xx xxxxx xxx

-- backgrounds --
0: 0-100 #ffffff
1: 0-100 #ffffff
2: 0-100 #ffffff
3: 0-100 #ffffff
4: 0-100 #ffffff
5: 0-100 #ffffff
6: 0-100 #ffffff
7: 0-100 #ffffff
8: 0-100 #ffffff
9: 0-100 #ffffff
10: 0-100 #ffffff
11: 0-100 #ffffff
12: 0-100 #ffffff
13: 0-100 #ffffff
14: 0-100 #ffffff
15: 0-100 #ffffff
16: 0-100 #ffffff
17: 0-100 #ffffff
18: 0-100 #ffffff
19: 0-100 #ffffff
20: 0-100 #ffffff
21: 0-100 #ffffff
22: 0-100 #ffffff
23: 0-100 #ffffff
24: 0-100 #ffffff
25: 0-100 #ffffff
26: 0-100 #ffffff
27: 0-100 #ffffff
28: 0-100 #ffffff
29: 0-100 #ffffff
30: 0-100 #ffffff
31: 0-19 #0056d2
31: 19-100 #ffffff
32: 0-19 #0056d2
32: 19-100 #ffffff
33: 0-19 #0056d2
33: 19-100 #ffffff
34: 0-100 #ffffff
35: 0-100 #ffffff
36: 0-100 #ffffff
37: 0-100 #ffffff
38: 0-100 #ffffff
39: 0-100 #ffffff
40: 0-100 #ffffff
41: 0-100 #ffffff
42: 0-100 #ffffff
43: 0-100 #ffffff
44: 0-100 #ffffff
45: 0-100 #ffffff
46: 0-100 #ffffff
47: 0-100 #ffffff
48: 0-100 #ffffff
49: 0-100 #ffffff
50: 0-100 #ffffff
51: 0-100 #ffffff
52: 0-100 #ffffff
53: 0-100 #ffffff
54: 0-100 #ffffff
55: 0-100 #ffffff
56: 0-100 #ffffff
57: 0-100 #ffffff
58: 0-100 #ffffff
59: 0-100 #ffffff`;

exports[`email fixture: nested-tables.html 1`] = `
         ╭╌╌╌╌╌╌╌╌╌╌╌╌╌╌╌╌╌╌╌╌╌╌╌╌╌╌╌╌╌╌╌╌╌╌╌╌╌╌╌╌╌╌╌╌╌╌╌╌╌╌╌╌╌╌╌╌╌╌╌╌╌╌╌╌╌╌╌╌╌╌╌╌╌╌╌╌╌╌╌╌╮
         ┆                                                                                ┆
         ┆                             xxxxxx xxx xxx xxxxx                               ┆
         ┆                                                                                ┆
         ┆                                                                                ┆
         ┆                       xxx xxxx xxxxxxxxx xxx xxxx xxxxxxxx                     ┆
         ┆                                                                                ┆
         ┆                                                                                ┆
         ┆           xxxxx xxx xxx xxxxxx xxxxx xxxxxxxx x xxxx xxxxx xxxxxxxx            ┆
         ┆                                                                                ┆
         ┆                                                                                ┆
         ┆                         XXXXX XXXX XXXXXXX XXX X XXXXXX                        ┆
         ┆                                                                                ┆
         ┆                                                                                ┆
         ┆                                                                                ┆
         ┆                                   xxxx xx xxx                                  ┆
         ┆                                                                                ┆
         ┆                                                                                ┆
         ╰╌╌╌╌╌╌╌╌╌╌╌╌╌╌╌╌╌╌╌╌╌╌╌╌╌╌╌╌╌╌╌╌╌╌╌╌╌╌╌╌╌╌╌╌╌╌╌╌╌╌╌╌╌╌╌╌╌╌╌╌╌╌╌╌╌╌╌╌╌╌╌╌╌╌╌╌╌╌╌╌╯

-- backgrounds --
0: 0-100 #fdeaf1
1: 0-9 #fdeaf1
1: 9-91 #fff7f8
1: 91-100 #fdeaf1
2: 0-9 #fdeaf1
2: 9-91 #fff7f8
2: 91-100 #fdeaf1
3: 0-9 #fdeaf1
3: 9-91 #fff7f8
3: 91-100 #fdeaf1
4: 0-9 #fdeaf1
4: 9-91 #fff7f8
4: 91-100 #fdeaf1
5: 0-9 #fdeaf1
5: 9-30 #fff7f8
5: 30-72 #d7c5e0
5: 72-91 #fff7f8
5: 91-100 #fdeaf1
6: 0-9 #fdeaf1
6: 9-30 #fff7f8
6: 30-72 #d7c5e0
6: 72-91 #fff7f8
6: 91-100 #fdeaf1
7: 0-9 #fdeaf1
7: 9-30 #fff7f8
7: 30-72 #d7c5e0
7: 72-91 #fff7f8
7: 91-100 #fdeaf1
8: 0-9 #fdeaf1
8: 9-91 #fff7f8
8: 91-100 #fdeaf1
9: 0-9 #fdeaf1
9: 9-91 #fff7f8
9: 91-100 #fdeaf1
10: 0-9 #fdeaf1
10: 9-91 #fff7f8
10: 91-100 #fdeaf1
11: 0-9 #fdeaf1
11: 9-33 #fff7f8
11: 33-68 #d5e1f0
11: 68-91 #fff7f8
11: 91-100 #fdeaf1
12: 0-9 #fdeaf1
12: 9-33 #fff7f8
12: 33-68 #d5e1f0
12: 68-91 #fff7f8
12: 91-100 #fdeaf1
13: 0-9 #fdeaf1
13: 9-33 #fff7f8
13: 33-68 #d5e1f0
13: 68-91 #fff7f8
13: 91-100 #fdeaf1
14: 0-9 #fdeaf1
14: 9-91 #fff7f8
14: 91-100 #fdeaf1
15: 0-9 #fdeaf1
15: 9-41 #fff7f8
15: 41-60 #c2185b
15: 60-91 #fff7f8
15: 91-100 #fdeaf1
16: 0-9 #fdeaf1
16: 9-41 #fff7f8
16: 41-60 #c2185b
16: 60-91 #fff7f8
16: 91-100 #fdeaf1
17: 0-9 #fdeaf1
17: 9-41 #fff7f8
17: 41-60 #c2185b
17: 60-91 #fff7f8
17: 91-100 #fdeaf1
18: 0-9 #fdeaf1
18: 9-91 #fff7f8
18: 91-100 #fdeaf1
19: 0-9 #fdeaf1
19: 9-91 #fff7f8
19: 91-100 #fdeaf1
20: 0-100 #fdeaf1
21: 0-20 #ffffff
21: 20-28 #dedede
21: 28-100 #ffffff
22: 0-20 #ffffff
22: 20-28 #dedede
22: 28-100 #ffffff
23: 0-20 #ffffff
23: 20-28 #dedede
23: 28-100 #ffffff`;

exports[`email fixture: notes-digest-row.html 1`] = `



                 xxxxxxxxx xxxxxxxxx xxxx xxx xxx xxxxxx xxxxxx xxx xxxxx
                 ╭────────────────────────────────────────────────────────────────╮
                 │                                                                │
                 │                                                                │
                 │                      ╭────────────╮                            │
                 │            xxxxxxxx  │ You follow │                            │  7d
                 │                      ╰────────────╯                            │
                 │            xxxxxxx xxxxxx xxxxx x xxxxxx xxxxxxx xxxxx xxx xxxxxxx
                 │            xx x xxx xxxx xx xxxxxxxxxx xxxxxxxxxx xxx xxxxxxxxxxx
                 │                                                                │
                 │               XXX      XX      XX                              │
                 │                                                                │
                 │                                                                │
                 ╰────────────────────────────────────────────────────────────────╯
                 ╭────────────────────────────────────────────────────────────────╮
                 │                                                                │
                 │                                                                │
                 │                             ╭────────────╮                     │
                 │            xxxxxxxxx xxx    │ You follow │                 xx  │
                 │                             ╰────────────╯                     │
                 │            xxxxxxxxxxx xxxxxxxx xxxx xxxxxxx xx xxxxxxx x xx   │
                 │            xxx xx xxxx x xxxxx xxxxxxxx xxxx xx xxxxxx xx      │
                 │            xxx xxxxxx xxxxxx xxx xxxxxxxxx xxxxxxxxxxxxxx      │
                 │            xxxxx xxxxxxxxxxx xxx xxxxx xxx xxxxx xxxx xx       │
                 │            xxxxxxxxx x xxxxxxx xxx xxxxx xxxxxx xxxxx xxx      │
                 │            xxx xxxxxxx xxxxxxx x xxxxxxxx xxxx xx xxx x        │
                 │            xxxxxxxxxxxx xxxxx xxx xxx xxxxxxx xxx xxxxx xxxx   │
                 │            xxxx xx xxxxxx xxxxx xxxxxx xxxx xxxxxxxxxxx xxxx   │
                 │            xxx xxxxxx xxx xxxxx xxxxxxx xxxxxx xxxxxx xxxx     │
                 │            xxxx xxxx xxxxx xxx xxxxxxxxx xxxxxx xx xxxxxx      │
                 │            xxxx x xxxxxxx xxxx xx xxxxxxx x xxxxxxx xxx        │
                 │            xxxxxxxxxxx xxx xxxxx xxx xxxx xxxx xxxxxx xxxx     │
                 │            xx xxx xx xxxxxxx xxxxxxxxxx xxx xxx xxxx xxxxx     │
                 │            xxxxx xx xxx xxxxxxx xxxxxxxx xx xxxxx xx xx        │
                 │            xxxxxx xxxxx xx xxxxx xxx xxxxxxxxx xxxxx           │
                 │            xxxxxxxx xxxxxxxxxx xxxx xxxxx xxxxxx xxxx xxx      │
                 │            xxxxx xxx xxxxxxxx xx xxxx xxxxx xx xxx             │
                 │            xxxxxxxxxxx xxxxxx xxx xxx xxxx xxxxx xxx xxxx xx   │
                 │            xxxxx xxx xxxxxxxxx xxxxxx xx xxx xxxxxxx xxxxx     │
                 │            xxx x xxxxx xxxxx xxxx xxx xxxx xx xxx xxxxxxxxxx   │
                 │            xxxxxxxxxxxxxxxxxxxxxxxx xxxxx xxxxxxxxx xxx x      │
                 │            xxxxxxx                                             │
                 │            Read More                                           │
                 │               XX      X      X                                 │
                 │                                                                │
                 │                                                                │
                 ╰────────────────────────────────────────────────────────────────╯
                 ╭────────────────────────────────────────────────────────────────╮
                 │                                                                │
                 │                                                                │
                 │                                                                │
                 │                                                                │
                 ╰────────────────────────────────────────────────────────────────╯

                                      xxx xxxx xxxxx xx xxx xxxxxxxx xxx




                                        x xxxx xxxxxxxx xxxx
                        xxx xxxxxx xxxxxx xxx xxxxxx xxx xxxxxxxxxx xx xxxxx
                                             xxxxxxxxxxx

-- backgrounds --
1: 17-22 #ffffff
2: 17-22 #ffffff
3: 17-22 #ffffff
5: 17-83 #ffffff
6: 17-83 #ffffff
7: 17-83 #ffffff
8: 17-40 #ffffff
8: 40-54 #eeeeee
8: 54-83 #ffffff
9: 17-40 #ffffff
9: 40-54 #eeeeee
9: 54-83 #ffffff
10: 17-40 #ffffff
10: 40-54 #eeeeee
10: 54-83 #ffffff
11: 17-83 #ffffff
12: 17-83 #ffffff
13: 17-83 #ffffff
14: 17-83 #ffffff
15: 17-83 #ffffff
16: 17-83 #ffffff
17: 17-83 #ffffff
18: 17-83 #ffffff
19: 17-83 #ffffff
20: 17-83 #ffffff
21: 17-47 #ffffff
21: 47-61 #eeeeee
21: 61-83 #ffffff
22: 17-47 #ffffff
22: 47-61 #eeeeee
22: 61-83 #ffffff
23: 17-47 #ffffff
23: 47-61 #eeeeee
23: 61-83 #ffffff
24: 17-83 #ffffff
25: 17-83 #ffffff
26: 17-83 #ffffff
27: 17-83 #ffffff
28: 17-83 #ffffff
29: 17-83 #ffffff
30: 17-83 #ffffff
31: 17-83 #ffffff
32: 17-83 #ffffff
33: 17-83 #ffffff
34: 17-83 #ffffff
35: 17-83 #ffffff
36: 17-83 #ffffff
37: 17-83 #ffffff
38: 17-83 #ffffff
39: 17-83 #ffffff
40: 17-83 #ffffff
41: 17-83 #ffffff
42: 17-83 #ffffff
43: 17-83 #ffffff
44: 17-83 #ffffff
45: 17-83 #ffffff
46: 17-83 #ffffff
47: 17-83 #ffffff
48: 17-83 #ffffff
49: 17-83 #ffffff
50: 17-83 #ffffff
51: 17-83 #ffffff
52: 17-83 #ffffff
53: 17-83 #ffffff
54: 17-83 #ffffff
55: 17-83 #ffffff
56: 17-83 #ffffff
57: 17-83 #ff6719
58: 17-83 #ff6719
59: 17-83 #ff6719
60: 17-83 #ff6719`;

exports[`email fixture: pill-button.html 1`] = `   ┌────────────────────────────────────────────────────────────────────────────────────────────┐
   │                                                                                            │
   │                                                                                            │
   │                                                                                            │
   │     xxxxxx xxxx xxxxxxxxx xxxx xxxxxxx xxx xxxxx x xxxx xxxxxx xxxx xx xxx                 │
   │                                                                                            │
   │     xxxx xxxx xxxxx xx xxxx xxxx xx xxxxxxx xxxxxxxx xxx xxxxx xxxxxx xxxx xxx x xxxx      │
   │     xxxx                                                                                   │
   │                                                                                            │
   │                                                                                            │
   │                                                                                            │
   │        ╭──────────────────╮                                                                │
   │        │                  │                                                                │
   │        │    Claim gift    │                                                                │
   │        │                  │                                                                │
   │        ╰──────────────────╯                                                                │
   │                                                                                            │
   │     x xxxx xxxxxx xxxxx xx xxxx xxxxxxxxxx xxx xxxxx xxx xxxxxxxx xxxx xxxx xxxxxxxx       │
   │     xxxx xxx xx xxxxxxxx xxxxxxxxxx xxxxx xx xxx xxxxxx xxxxxx xxxxxxx xxxxxxxxx           │
   │     xxxxxxx xxxxxxxxxx xxxxxx xxxxx xxx xxxxx xxxxx xxxxxx                                 │
   │                                                                                            │
   │                                                                                            │
   │                                                                                            │
   │                                                                                            │
   │                                                                                            │
   │   xxxx xxxxx xx xxxx xx xxx xxxx xxxxxxxxx xxxxx xxx                                       │
   │                                                                                            │
   │                                                                                            │
   │   xxxx                                                                                     │
   │   xxxx xxxxxx                                                                              │
   │   xxxxxxx xx                                                                               │
   │   xxxxxxx xxxxxx                                                                           │
   │                                                                                            │
   │                                                                                            │
   │                                                                                            │
   │                                                                                            │
   │                                                                                            │
   │────────────────────────────────────────────────────────────────────────────────────────────│
   │                                                                                            │
   │                                                                                            │
   │   xxx xxxxxxxxxxx xxxxxxx xxxx xxx xxxx xx xxxxxxxxx xx xxxxxxxxx                          │
   │                                                                                            │
   │   xxxxxxxxx xxxx xx x xxxxxxxxxxxxxxxxxx xxxxxxxxxx xxxxxxx xx xxxxxxx xxxxxxxx xxxxxxx    │
   │   xxxxxxx xxxxxxxxx xxxxx xxxx                                                             │
   │                                                                                            │
   │   xxxxxx xxxx xxx xxxxxxxxxxxx xx xxxxxxxxx xxxx xxxxxxxxxx xx xxxxxxxxx xx xxxxx xx       │
   │   xxxx xxxxx xx xxxxxxx xxx xxxx xx xxxxx xx xxx xxxx xx xxxxx xxxxxxxxx xx xxx xx xxxx    │
   │   xxx xxxxx xx xxxxx xx xxx xx xxxxx xx xxx xxxx xx xxxxxx xxxx xxxxx xxxxxxxxxxx xxx      │
   │   xxx xxxxxxxx xxxxx xxx xxxxxxxx xxxxxxx xx xxx xx xxxxxx xxxxxxxxx xxx xx xxxxx          │
   │   xxxxxxxxx xxxxxxx x xxxxxxxxxxx xxxxxxxxxxx xxxxxxxxxxxxx xxxxx xxxxxxxxxxxxx xxxx xx    │
   │   xxxxxxxx xxx xxxxxxxxxx xxxxxxxxxxxx xxx xxxx xxxx xx xxxxxx x xxxxxxxxx xxxxxx          │
   │   xxxxxxx xx xxxxx xx xxxxx xxx xxxxxx xxxxxxxxx xx xxxxxxxxx xxxxx xxxx                   │
   │                                                                                            │
   │   xxxxxxx xxx xxxxxx xxxxxxx xxxxxx xxxxxxxx xxxxxxxxxxx xxxxx xxxxxxxxx xxx xxxx xx       │
   │   xxxxxxxxxxx xxxxx xxxxxxxxxxxxxx xxxxxxxx xxx xxxxxxx xxxxxxx xx xxxxxxx xxxx            │
   │   xxxxxxxxx xxxxxxx xxx xxxxx xx xxxxxxxxx xxxxxxxxx xxxxxx xx xxxxxxxx xx xxxxxx xx       │
   │   xxxxxxx xxxxxxxx xxxxxxxx xxxxxxxx xx xxx xxx xxxx xxxxx xxxxxxxxxx xx xxxxxxxxx         │
   │   xxxxxxxxx xxxxxxxxxxxxxx xxxx xxxxxxx xxxxxxxxx xxxxxx xx xxx xxxx xxxxxxx xx xxxx       │
   │   xxxxxxxxxx                                                                               │
   │                                                                                            │
   │   xxx xxxxxxxxxx xxxx xxxxxxx xx xx xxxxx xxxxxxx xx xxxx xxxxxxxxx xxxxxxxxx xxx          │
   │   xxxxxxxxx xxxxxxxx xx xx xxxxxxxxx xxx xxxxx xxx xxxxxx xxxxxxxxxx xxxxx xxxxx xxxx      │
   │   xxx xxxx xxxxxxx xx xxxx xxx xxxx xxxxxxxxxx xxx xxx xxxxx xxxxxx xx xxx xxxxx xxxxxx    │
   │   xxxx xxxxxxx xxxxx xxx xxx xxxxxxxxxx xxxx xxxxxxx xxxxx xx xxx xxxxxxxxxx xxxx          │
   │   xxxxxxx xxxxxxxxxx xxx xxxxxxxxxxx xxxxxxx xxxx xxx xxxx xx xxxxxxxxx xx xxxxxxxxx       │
   │                                                                                            │
   │   xxxxxxxxx xxxxxxxxx xxx xxxxxxx xxxxxx xx x xxxxxxxxxx xxxxxx xxxxxxx xxxxxxxxx          │
   │   xxxxxxxxxxx xxx xxxxxxx xxxxxx xx x xxxxxxxxxx xxxxxx xxxxxx xxx xxxxxxxx xxxxxxxxx      │
   │   xxxxxxxx xxxxxxxxx xxx xxx xxxxxxxxxxxx xx xxxxxxxxx xxxxxxxx xxxx xxxxxxxxxxxx          │
   │                                                                                            │
   │   xxx xx xxxxxxxx xx xxxxxx xxx xxxxxxxxxxxxx xxxxxxxx x xxxxxxxxxxxx xxxx xxxxxxxxx       │
   │   xxxx xxxxxxx xxx xxxxxxxxx xxxx xxxx xxxxxxxxxx xx xxxx xxx x xxxx xxxx xxx xxxx xx      │
   │   xxx xxxxx xxxxxxxx xxxxxxx xx xxxx xxx xxxx xxxx xxxxxx xxx xxxxx xxxx xxxxxx xxx        │
   │   xxxxx xxxx xx xxxx xx xxx xxxxxxx xxx xx xxxxx x xxxxx xx xxxxx x xxxxxxxxx xxxxx xxx    │
   │   xxxxx xxxxxxx xxxx xxxxx xxxx xxxxxxx xx xxxxxxx xxxxxxxx xxxxxxxxx xxxxxxx x xx         │
   │   xxxxxx xxxxx xxxx xxxxxxx xx xxxxxxxxxxxxx xxxxx xxx xxxx xxxxxxxxxxx xxxxx xx xxx       │
   │   xxx xxxxx xxxx xxx xxxxxxxxx xxx xx xxxxxxxxx xx xxx xxxx xxxxxxxx xxxx x xxxxxxxxx      │
   │   xxxxxxxxx xxxxxxx xx xxxx xxxxxxxxx xxxxxx xxxxxxx xxxxxxxx xxx xxxx xxxxxxxxx xx        │
   │   xxxxxxxxx xx xxxx xxxxxxxx xxx xxx xx xxxxxxx xxx xxxxxx xxxxxxxxx xxxxxxxx xxxxxx xx    │
   │   xxxxxxxxxxxx                                                                             │
   │                                                                                            │
   │   xxxx xxxxxxx xxxxxxx xx xx xxx xxx xxxxx xxxxxxxx xxxxxxxxxxxx xxxxxxxx xxxxxxx xxxx     │
   │   xxxxx xxxxxx xxxxx xxxxxxxxx xxxxxxx xxxxx xxx xxx xxxxx xxxxxxxxx xxxx xxxxxxxxxx       │
   │   xxxxxxxxx xxx xxxx xxxxxx xxxxxxx xxx xxxxxxx xxxxx xxxxxxx xxxxxxxx xxxxxxxxxxx xxxx    │
   │   xxx xx xxx xxxxxxxxxxx xxx xxxxxxxxx xxxxx xxxxxxxxx xxx xxxxxxx xx xxxxxxxxx            │
   │   xxxxxxxxxxxx xxxxx x xxxxxxxxxx xxxxxxx xxxxxxxxxx xxxxxxxx xxx xxxx xxxxx xxxxxxxx      │
   │   xxxxxxxxxx xx xxxxxxxxxxxxx xxx xxxxxxxxxxx xxxx xxx xx xxx xxxxx xxxxxxxxxxxx           │
   │   xxxxxxxxxxxx xx xxxxxxxxxxx xx xxx xxxxxxxxxx xxxxxxxx                                   │
   │                                                                                            │
   │   x xxxx xxxxxxxxx xxxxxxxx                                                                │
   │                                                                                            │
   │   xxxxxxxxxxx xxxxxxxxxxxx xxxxxxxx                                                        │
   │                                                                                            │
   │                                                                                            │
   │                                                                                            │
   │                                                                                            │
   └────────────────────────────────────────────────────────────────────────────────────────────┘

-- backgrounds --
11: 12-32 #000000
12: 12-32 #000000
13: 12-32 #000000
14: 12-32 #000000
15: 12-32 #000000
23: 4-96 #000000
24: 4-96 #000000
25: 4-96 #000000
26: 4-96 #000000
27: 4-96 #000000
28: 4-96 #000000
29: 4-96 #000000
30: 4-96 #000000
31: 4-96 #000000
32: 4-96 #000000
33: 4-96 #000000
34: 4-96 #000000
35: 4-96 #000000
36: 4-96 #000000
37: 4-96 #000000
38: 4-96 #000000
39: 4-96 #000000
40: 4-96 #000000
41: 4-96 #000000
42: 4-96 #000000
43: 4-96 #000000
44: 4-96 #000000
45: 4-96 #000000
46: 4-96 #000000
47: 4-96 #000000
48: 4-96 #000000
49: 4-96 #000000
50: 4-96 #000000
51: 4-96 #000000
52: 4-96 #000000
53: 4-96 #000000
54: 4-96 #000000
55: 4-96 #000000
56: 4-96 #000000
57: 4-96 #000000
58: 4-96 #000000
59: 4-96 #000000
60: 4-96 #000000
61: 4-96 #000000
62: 4-96 #000000
63: 4-96 #000000
64: 4-96 #000000
65: 4-96 #000000
66: 4-96 #000000
67: 4-96 #000000
68: 4-96 #000000
69: 4-96 #000000
70: 4-96 #000000
71: 4-96 #000000
72: 4-96 #000000
73: 4-96 #000000
74: 4-96 #000000
75: 4-96 #000000
76: 4-96 #000000
77: 4-96 #000000
78: 4-96 #000000
79: 4-96 #000000
80: 4-96 #000000
81: 4-96 #000000
82: 4-96 #000000
83: 4-96 #000000
84: 4-96 #000000
85: 4-96 #000000
86: 4-96 #000000
87: 4-96 #000000
88: 4-96 #000000
89: 4-96 #000000
90: 4-96 #000000
91: 4-96 #000000
92: 4-96 #000000
93: 4-96 #000000
94: 4-96 #000000
95: 4-96 #000000`;

exports[`email fixture: post-buttons-mention.html 1`] = `
                                            xxxxxxxxx xxxx xxxxxx xxxxxxxxx xxxx xxx xxxx


           x xxx xxxxx xx xxxxx x xxxxxxxxxx xxxx xxxxxxxx xx xxxxxxx


           xxxx xxxxx xx xxxxxxx xxxxxxx xxx xxx xxxx xxxxxx



           ──────────────────────────────────────────────────────────────────────────────

           ╭───╮ ╭───╮  ╭───╮                                        ╭───────────────────╮
           │   │ │   │  │   │                                        │                   │
           │   │ │   │  │   │                                        │  XXXX XX XXX      │
           │   │ │   │  │   │                                        │                   │
           ╰───╯ ╰───╯  ╰───╯                                        ╰───────────────────╯

           ──────────────────────────────────────────────────────────────────────────────



                          xxxxxxxxxxxx xx xxxx xxxxx
                          xxxxx xxxxxxxx xx xxxxxxxx


           xxxx xxxx xxxxxx x xxx xxx xxx xxxxxxxxxxx xxxxxxxxxxx xxx xxxxx xxxxxxxxx
           xxxxxxx

           xx xxxxxxxxxx xxx xxxxxxxxxx xxxxx xxxxxxxx xxxxxxxxx xxxxx xxxxxxxx xxxx xxx
           xxxxxxxxxx xxxx xxxxxxx xx xxxx xxx xxxxx xxxxxxxx xxxxxxx xxxxxxxxxx
           xxxx xxxxxxx xxx xxxxxxxx xxx xxxxxxx xxxxxx xx xxx xxxxxxxxx xxxxxxxxxx
           xxxxxxxxxxxxx xxxxxxx xxxxxxxx xxxx xxxxxxxx xxx xxxxxxxx xx xxxx xx xxxxxxxxx
           xx xxxxxxxx xxxxxxxxx xxxxxxx xxxxxxxx xxx xxx xxxxxxxxx xxx xxx xx xxxxxxx
           xxxxx x xxxxxxx xxxx xxxx xx xxx xxxxxxxxxx xxx xxxx xxxxxxxxx xxx xxxxx
           xxxxxxxxx xxxx xxx xxxxxx xxxxxxx xxxx xxxxxxx xx xxxxxx xxxxxxxx xxx xxxx xxx
           xxxxx xxxxxxxxx xxxxxxxxx xxxxxxxxx xxxxx

           xx xxxxxxx xxxxxxxx xxxxxxxx xx xxxxxx xxxxxxxxxxx xxxxxxxxxxx xxxxxx xxxxxxx
           xxxxx xxxxx xx xxxxxxxx xxxxxxxx xxxxxxxx xxxx xxxxxxxxxxx xxxxxxxxxxxx xx
           xxxxx xxxxxxxx xxxxxx xxx xxxxx xxx xxxxx xxxxxx xx xx xxxxxx xx xxxx xxxxxxx
           xxx xxxxxxxx xxxx xxxx xxx xxxxxxxx xxx xxxxxxxxxxxxxxxx xx xxxxx xxxxxxxxx xx
           xxxxx xxxxxxxxx xx xxx xxxxx xxxxxxxxxx xxx xxxxxxxx xx xxxxxx xx xxx xxxxxxxx
           xx xxxxxxxxx xx xxxxxxx xx xxxxx xxxx xxx xxxx xx xxxxxxxxxx xx xx xxxxx xxxxx
           xxxxxx xxxxx xxxxxxxxxx xxxx xxxxxxxxxx xxxx xxxx xxxx xxxxx xxx xxxxx xxxxxxxx
           xxxx xxxxxxxx xxxxxxxx xxxx x xxxxxxxxxxx xx xxxx xxxxx xxxxxxxx xx xxxxx xxx
           xxxxxxxxx xx xxxx xxxxxxx xxxxxxx xxxx xxxxx xxxxxxx xx xxxx xxxx xxx xxxx
           xxxxxxxxxx xxxx xx xxxx xxxxx xxx xxxxx xxx xxxx xxxxxx xxx xxxxxx xxx xxxxxxxx
           xx xxxxxxxxxx xxxx xx xxx xxxxxxxxxxx

           xx xxxx xx xxxxxxx xxx xxxxxxxx xx xxxxx xxxx xxxxx xx xxxxxxxxx xxxxxx
           xxxxxxxxx xxx xxxx xxxxxxxxxxx xxxxxxxxxx xxx xxxxxxx xxxxxxxx xxxxx xx
           xxxxxxxx






                xxx xxxxxxxx xxxxxxxx xxxxxxx xxxxxx xxxxxx xx xxxxx xxxxxxx xx xxxx
                xx xxx xxxxxxx xx xxxxxx x xxxx xxxxx xxx xxxx xxxxxxx xxxxx xx
                xxxxxxx xxx xxxxxxxxxxx xx x xxxxxxxxxxx xxxxx xxxxxxx xxx xxxxxxx
                xxxxxxxx xxxxxxx xxxxx xxxxxxxxxx xxx xxxxxxxx xxxxxxxxxx xxxxxxx
                xxxxxxx xxxxx xx xxxxxxx xxxxxxxxx xxxxxx xx xxxxxx xxx xxxxxxxxx
                xxxxxxx xxx xxxxxxxxxx xxx xxxx xxxxx xxxxxxxxxxx xx xxxxxxxx xxxxxxx
                xx xxxxx xxxxx


                                             xxxxx xxxx





           ──────────────────────────────────────────────────────────────────────────────


           xxxxxx xxx xxxxxxxxxxx xx xx xxxxxxxxx xxxx xxxx xx xxxxxxx xx xxxx xxxx xx
           xxxxx xxx


                                                xxxxx



           ──────────────────────────────────────────────────────────────────────────────

             ╭─────────────────────────────────────────────────────────────────────────╮
             │                                                                         │
             │                                    XXXXX                                │
             │                                                                         │
             ╰─────────────────────────────────────────────────────────────────────────╯

           ──────────────────────────────────────────────────────────────────────────────

                                   ╭────────────╮ ╭─────────────╮
                                   │            │ │             │
                                   │      LIKE  │ │      SHARE  │
                                   │            │ │             │
                                   ╰────────────╯ ╰─────────────╯

           ──────────────────────────────────────────────────────────────────────────────


                                           x xxxx xxxxxxxx
                        xxx xxxxxx xxxxxx xxx xxxxxx xxx xxxxxxxxxx xx xxxxx
                                             xxxxxxxxxxx

-- backgrounds --
58: 11-89 #eeeeee
59: 11-89 #eeeeee
60: 11-89 #eeeeee
61: 11-89 #eeeeee
62: 11-89 #eeeeee
63: 11-89 #eeeeee
64: 11-89 #eeeeee
65: 11-89 #eeeeee
66: 11-89 #eeeeee
67: 11-89 #eeeeee
68: 11-42 #eeeeee
68: 42-58 #ff6719
68: 58-89 #eeeeee
69: 11-42 #eeeeee
69: 42-58 #ff6719
69: 58-89 #eeeeee
70: 11-42 #eeeeee
70: 42-58 #ff6719
70: 58-89 #eeeeee
71: 11-89 #eeeeee
72: 11-89 #eeeeee
81: 45-56 #ff6719
82: 45-56 #ff6719
83: 45-56 #ff6719`;

exports[`email fixture: relative-cards.html 1`] = `


               xxxxx xxx xxxxxxxx
               xxxx xxxxxxxxx xxxxx xx

               ╭─────────────╮
               │             │
               │  xx xxxxxx  │
               │             │
               ╰─────────────╯

           ┌────────────────────────────────────────────────────────────────────────────┐
           │                                                                            │
           │  ┌────────┐   xxxxxxxx xxxxxxxxxxx x xxxxxxx xxxxxxxx xxxxxxxx x xxx       │
           │  │        │   xxxx                                                         │
           │  │        │   xxxxxxx xxxxxxxxxx                                           │
           │  │        │   xxx xxxxx xxx xxxxxx xxxxxx                                  │
           │  │        │   xxx xxxxxxx xxxxxxxxxx                                       │
           │  └────────┘                                                                │
           │                   xxx xx    xxxxxxxxx                                      │
           │────────────────────────────────────────────────────────────────────────────│
           │                                                                            │
           │  ┌────────┐   xxxx xxxxxxxxx xxxxxxxx xxxxxxxxx                            │
           │  │        │   xxxxxxxx xxxxxxxxxxxx                                        │
           │  │    x   │   xxxxxx xxxxx xxx xxxxxx xxxxxx                               │
           │  │        │   xxx xxxxxxxxxxxx                                             │
           │  │        │                                                                │
           │  └────────┘       xxx xx    xxxxxxxxx                                      │
           │                                                                            │
           │────────────────────────────────────────────────────────────────────────────│
           │                                                                            │
           │  ┌────────┐   xxxxxxxxxxx xxxxxxxxx xxxxxxxxxx xxxxxxxx x xxx xxxx         │
           │  │        │   xxxxxxxx x xxxxxxxxxxx xxxxxx x xxxxxxxxxxx xxxxxxx x        │
           │  │    x   │   xxxxxxxxxxx xx xxxx x xxxxxx x xxxxxxx xxxxxxxx              │
           │  │        │   xxxxx xxxxx                                                  │
           │  │        │   xxx xxxxx xxx xxxxxx xxxxxx                                  │
           │  └────────┘   xxx xxxxxxxx                                                 │
           │                                                                            │
           │                   xxx xx    xxxxxxxxx                                      │
           │────────────────────────────────────────────────────────────────────────────│
           │                                                                            │
           │  ┌────────┐   xxxxxx xxxxxxxxx xxxxxxxxxx xxxxxxxxxxxxxxxx xxxx            │
           │  │        │   xxxxxxxx                                                     │
           │  │    x   │   xxxxxxxxxxx                                                  │
           │  │        │   xxxxxx xxxxx xxx xxxxxx xxxxxx                               │
           │  │        │   xxx xxxxx                                                    │
           │  └────────┘                                                                │
           │                   xxx xx    xxxxxxxxx                                      │
           │────────────────────────────────────────────────────────────────────────────│
           │                                                                            │
           │  ┌────────┐   xxxxx xxx xxxx xxxx xxxx                                     │
           │  │        │   xxxx xxxxxxxxx xxxx                                          │
           │  │        │   xxxx xxxxxx xxx xxxxxx xxxxxx                                │
           │  │        │   xxx xxxxxxxx                                                 │
           │  │        │                                                                │
           │  └────────┘       xxx xx    xxxxxxxxx                                      │
           │                                                                            │
           │────────────────────────────────────────────────────────────────────────────│
           │                                                                            │
           │  ┌────────┐   xxxxxx xxxxx xxxxxxxx xxxxxxxx x xxxxxx x xx                 │
           │  │        │   xxxxxxx xxxxxxxxx xxxxxxx xxxx                               │
           │  │    x   │   xxxxxx xxxxxxxx xxx xxxxxx xxxxxx                            │
           │  │        │   xxx xxxxxxxxxx                                               │
           │  │        │                                                                │
           │  └────────┘       xxx xx    xxxxxxxxx                                      │
           │                                                                            │
           │────────────────────────────────────────────────────────────────────────────│
           │                                                                            │
           │  ┌────────┐   xxxxxxxx xxxxxxxx x xxxxxxxxxxxxxxxxx                        │
           │  │        │   xxxxxxxx xxxx                                                │
           │  │        │   xxxxxxxx xxx xxxxxx xxxxxx                                   │
           │  │        │   xxx xxxxxxxxxx                                               │
           │  │        │                                                                │
           │  └────────┘       xxx xx    xxxxxxxxx                                      │
           │                                                                            │
           │────────────────────────────────────────────────────────────────────────────│
           │                                                                            │
           │  ┌────────┐   xx xxxxxxxx x xxxxxxxxxxxxxxxxx xxxxxx xx xxxxxxxxxx         │
           │  │        │   xxx                                                          │
           │  │    x   │   xxxxxxxxxxxxxxx xxxxxx xxx xxxxxx xxxxxx                     │
           │  │        │   xxx xxxxxxxx                                                 │
           │  │        │                                                                │
           │  └────────┘       xxx xx    xxxxxxxxx                                      │
           │                                                                            │
           │────────────────────────────────────────────────────────────────────────────│
           │                                                                            │
           │  ┌────────┐   xxxxxxx xxxxxxxxx                                            │
           │  │        │   xxxx xxxxxxxxxxx xxxxxxxx                                    │
           │  │        │   xxxxxxxxxxx xxx xxxxxx xxxxxx                                │
           │  │        │   xxx xxxxxxxx                                                 │
           │  │        │                                                                │
           │  └────────┘       xxx xx    xxxxxxxxx                                      │
           │                                                                            │
           │────────────────────────────────────────────────────────────────────────────│
           │                                                                            │
           │  ┌────────┐   xxxxxx xxxxxxxx xxxxxxxxx xxx xx x xxx xxxxxxxxxxx           │
           │  │        │   xxxxx                                                        │
           │  │    x   │   xxxxxxxxxx xxx xxxxxx xxxxxx                                 │
           │  │        │   xxx xxxxxxxxxx                                               │
           │  │        │                                                                │
           │  └────────┘       xxx xx    xxxxxxxxx                                      │
           │                                                                            │
           │────────────────────────────────────────────────────────────────────────────│
           ││                                                                          ││
           ││     xxxxxxx xxxx                                                         ││
           ││                                                                          ││
           ││                                                                          ││
           │└──────────────────────────────────────────────────────────────────────────┘│
           └────────────────────────────────────────────────────────────────────────────┘




                    xxx xxxxxxxx xxxx xxxxx xxxxxxx xxx xxxxxx xx xxx xx xxxxx xx
                                               xxxxxx


                              XXXXXX XXXXXX                   XXXXXXXXXXX


                  ────────────────────────────────────────────────────────────────




                                xxxxxx xxxx xxxx xxxxxxxxxxxx xxxxxxx
                                    xxxxxxxx xxxxx xx xxxxxx xxx

-- backgrounds --
1: 1-99 #4285f4
2: 1-99 #4285f4
3: 1-99 #4285f4
4: 1-99 #4285f4
5: 1-99 #4285f4
6: 1-99 #4285f4
7: 1-99 #4285f4
8: 1-99 #4285f4
9: 1-99 #4285f4
10: 1-99 #4285f4
11: 1-99 #4285f4
12: 1-11 #4285f4
12: 11-89 #eeeeee
12: 89-99 #4285f4
13: 1-12 #eeeeee
13: 12-88 #ffffff
13: 88-99 #eeeeee
14: 1-12 #eeeeee
14: 12-88 #ffffff
14: 88-99 #eeeeee
15: 1-12 #eeeeee
15: 12-88 #ffffff
15: 88-99 #eeeeee
16: 1-12 #eeeeee
16: 12-88 #ffffff
16: 88-99 #eeeeee
17: 1-12 #eeeeee
17: 12-88 #ffffff
17: 88-99 #eeeeee
18: 1-12 #eeeeee
18: 12-88 #ffffff
18: 88-99 #eeeeee
19: 1-12 #eeeeee
19: 12-88 #ffffff
19: 88-99 #eeeeee
20: 1-12 #eeeeee
20: 12-88 #ffffff
20: 88-99 #eeeeee
21: 1-12 #eeeeee
21: 12-88 #ffffff
21: 88-99 #eeeeee
22: 1-12 #eeeeee
22: 12-88 #ffffff
22: 88-99 #eeeeee
23: 1-12 #eeeeee
23: 12-88 #ffffff
23: 88-99 #eeeeee
24: 1-12 #eeeeee
24: 12-15 #ffffff
24: 15-23 #5c6bc0
24: 23-88 #ffffff
24: 88-99 #eeeeee
25: 1-12 #eeeeee
25: 12-15 #ffffff
25: 15-23 #5c6bc0
25: 23-88 #ffffff
25: 88-99 #eeeeee
26: 1-12 #eeeeee
26: 12-15 #ffffff
26: 15-23 #5c6bc0
26: 23-88 #ffffff
26: 88-99 #eeeeee
27: 1-12 #eeeeee
27: 12-15 #ffffff
27: 15-23 #5c6bc0
27: 23-88 #ffffff
27: 88-99 #eeeeee
28: 1-12 #eeeeee
28: 12-88 #ffffff
28: 88-99 #eeeeee
29: 1-12 #eeeeee
29: 12-88 #ffffff
29: 88-99 #eeeeee
30: 1-12 #eeeeee
30: 12-88 #ffffff
30: 88-99 #eeeeee
31: 1-12 #eeeeee
31: 12-88 #ffffff
31: 88-99 #eeeeee
32: 1-12 #eeeeee
32: 12-88 #ffffff
32: 88-99 #eeeeee
33: 1-12 #eeeeee
33: 12-15 #ffffff
33: 15-23 #7b1fa2
33: 23-88 #ffffff
33: 88-99 #eeeeee
34: 1-12 #eeeeee
34: 12-15 #ffffff
34: 15-23 #7b1fa2
34: 23-88 #ffffff
34: 88-99 #eeeeee
35: 1-12 #eeeeee
35: 12-15 #ffffff
35: 15-23 #7b1fa2
35: 23-88 #ffffff
35: 88-99 #eeeeee
36: 1-12 #eeeeee
36: 12-15 #ffffff
36: 15-23 #7b1fa2
36: 23-88 #ffffff
36: 88-99 #eeeeee
37: 1-12 #eeeeee
37: 12-88 #ffffff
37: 88-99 #eeeeee
38: 1-12 #eeeeee
38: 12-88 #ffffff
38: 88-99 #eeeeee
39: 1-12 #eeeeee
39: 12-88 #ffffff
39: 88-99 #eeeeee
40: 1-12 #eeeeee
40: 12-88 #ffffff
40: 88-99 #eeeeee
41: 1-12 #eeeeee
41: 12-88 #ffffff
41: 88-99 #eeeeee
42: 1-12 #eeeeee
42: 12-88 #ffffff
42: 88-99 #eeeeee
43: 1-12 #eeeeee
43: 12-15 #ffffff
43: 15-23 #512da8
43: 23-88 #ffffff
43: 88-99 #eeeeee
44: 1-12 #eeeeee
44: 12-15 #ffffff
44: 15-23 #512da8
44: 23-88 #ffffff
44: 88-99 #eeeeee
45: 1-12 #eeeeee
45: 12-15 #ffffff
45: 15-23 #512da8
45: 23-88 #ffffff
45: 88-99 #eeeeee
46: 1-12 #eeeeee
46: 12-15 #ffffff
46: 15-23 #512da8
46: 23-88 #ffffff
46: 88-99 #eeeeee
47: 1-12 #eeeeee
47: 12-88 #ffffff
47: 88-99 #eeeeee
48: 1-12 #eeeeee
48: 12-88 #ffffff
48: 88-99 #eeeeee
49: 1-12 #eeeeee
49: 12-88 #ffffff
49: 88-99 #eeeeee
50: 1-12 #eeeeee
50: 12-88 #ffffff
50: 88-99 #eeeeee
51: 1-12 #eeeeee
51: 12-88 #ffffff
51: 88-99 #eeeeee
52: 1-12 #eeeeee
52: 12-88 #ffffff
52: 88-99 #eeeeee
53: 1-12 #eeeeee
53: 12-88 #ffffff
53: 88-99 #eeeeee
54: 1-12 #eeeeee
54: 12-88 #ffffff
54: 88-99 #eeeeee
55: 1-12 #eeeeee
55: 12-88 #ffffff
55: 88-99 #eeeeee
56: 1-12 #eeeeee
56: 12-88 #ffffff
56: 88-99 #eeeeee
57: 1-12 #eeeeee
57: 12-88 #ffffff
57: 88-99 #eeeeee
58: 1-12 #eeeeee
58: 12-88 #ffffff
58: 88-99 #eeeeee
59: 1-12 #eeeeee
59: 12-88 #ffffff
59: 88-99 #eeeeee
60: 1-12 #eeeeee
60: 12-88 #ffffff
60: 88-99 #eeeeee
61: 1-12 #eeeeee
61: 12-15 #ffffff
61: 15-23 #78909c
61: 23-88 #ffffff
61: 88-99 #eeeeee
62: 1-12 #eeeeee
62: 12-15 #ffffff
62: 15-23 #78909c
62: 23-88 #ffffff
62: 88-99 #eeeeee
63: 1-12 #eeeeee
63: 12-15 #ffffff
63: 15-23 #78909c
63: 23-88 #ffffff
63: 88-99 #eeeeee
64: 1-12 #eeeeee
64: 12-15 #ffffff
64: 15-23 #78909c
64: 23-88 #ffffff
64: 88-99 #eeeeee
65: 1-12 #eeeeee
65: 12-88 #ffffff
65: 88-99 #eeeeee
66: 1-12 #eeeeee
66: 12-88 #ffffff
66: 88-99 #eeeeee
67: 1-12 #eeeeee
67: 12-88 #ffffff
67: 88-99 #eeeeee
68: 1-12 #eeeeee
68: 12-88 #ffffff
68: 88-99 #eeeeee
69: 1-12 #eeeeee
69: 12-88 #ffffff
69: 88-99 #eeeeee
70: 1-12 #eeeeee
70: 12-88 #ffffff
70: 88-99 #eeeeee
71: 1-12 #eeeeee
71: 12-88 #ffffff
71: 88-99 #eeeeee
72: 1-12 #eeeeee
72: 12-88 #ffffff
72: 88-99 #eeeeee
73: 1-12 #eeeeee
73: 12-88 #ffffff
73: 88-99 #eeeeee
74: 1-12 #eeeeee
74: 12-88 #ffffff
74: 88-99 #eeeeee
75: 1-12 #eeeeee
75: 12-88 #ffffff
75: 88-99 #eeeeee
76: 1-12 #eeeeee
76: 12-88 #ffffff
76: 88-99 #eeeeee
77: 1-12 #eeeeee
77: 12-88 #ffffff
77: 88-99 #eeeeee
78: 1-12 #eeeeee
78: 12-88 #ffffff
78: 88-99 #eeeeee
79: 1-12 #eeeeee
79: 12-15 #ffffff
79: 15-23 #33691e
79: 23-88 #ffffff
79: 88-99 #eeeeee
80: 1-12 #eeeeee
80: 12-15 #ffffff
80: 15-23 #33691e
80: 23-88 #ffffff
80: 88-99 #eeeeee
81: 1-12 #eeeeee
81: 12-15 #ffffff
81: 15-23 #33691e
81: 23-88 #ffffff
81: 88-99 #eeeeee
82: 1-12 #eeeeee
82: 12-15 #ffffff
82: 15-23 #33691e
82: 23-88 #ffffff
82: 88-99 #eeeeee
83: 1-12 #eeeeee
83: 12-88 #ffffff
83: 88-99 #eeeeee
84: 1-12 #eeeeee
84: 12-88 #ffffff
84: 88-99 #eeeeee
85: 1-12 #eeeeee
85: 12-88 #ffffff
85: 88-99 #eeeeee
86: 1-12 #eeeeee
86: 12-88 #ffffff
86: 88-99 #eeeeee
87: 1-12 #eeeeee
87: 12-88 #ffffff
87: 88-99 #eeeeee
88: 1-12 #eeeeee
88: 12-88 #ffffff
88: 88-99 #eeeeee
89: 1-12 #eeeeee
89: 12-88 #ffffff
89: 88-99 #eeeeee
90: 1-12 #eeeeee
90: 12-88 #ffffff
90: 88-99 #eeeeee
91: 1-12 #eeeeee
91: 12-88 #ffffff
91: 88-99 #eeeeee
92: 1-12 #eeeeee
92: 12-88 #ffffff
92: 88-99 #eeeeee
93: 1-12 #eeeeee
93: 12-88 #ffffff
93: 88-99 #eeeeee
94: 1-12 #eeeeee
94: 12-88 #ffffff
94: 88-99 #eeeeee
95: 1-12 #eeeeee
95: 12-88 #ffffff
95: 88-99 #eeeeee
96: 1-12 #eeeeee
96: 12-88 #ffffff
96: 88-99 #eeeeee
97: 1-12 #eeeeee
97: 12-15 #ffffff
97: 15-23 #ab47bc
97: 23-88 #ffffff
97: 88-99 #eeeeee
98: 1-12 #eeeeee
98: 12-15 #ffffff
98: 15-23 #ab47bc
98: 23-88 #ffffff
98: 88-99 #eeeeee
99: 1-12 #eeeeee
99: 12-15 #ffffff
99: 15-23 #ab47bc
99: 23-88 #ffffff
99: 88-99 #eeeeee
100: 1-12 #eeeeee
100: 12-15 #ffffff
100: 15-23 #ab47bc
100: 23-88 #ffffff
100: 88-99 #eeeeee
101: 1-12 #eeeeee
101: 12-88 #ffffff
101: 88-99 #eeeeee
102: 1-12 #eeeeee
102: 12-88 #ffffff
102: 88-99 #eeeeee
103: 1-12 #eeeeee
103: 12-88 #ffffff
103: 88-99 #eeeeee
104: 1-12 #eeeeee
104: 12-88 #ffffff
104: 88-99 #eeeeee
105: 1-12 #eeeeee
105: 12-88 #ffffff
105: 88-99 #eeeeee
106: 1-12 #eeeeee
106: 12-88 #ffffff
106: 88-99 #eeeeee
107: 1-12 #eeeeee
107: 12-88 #ffffff
107: 88-99 #eeeeee
108: 1-12 #eeeeee
108: 12-88 #ffffff
108: 88-99 #eeeeee
109: 1-99 #eeeeee
110: 1-99 #eeeeee
111: 1-99 #eeeeee
112: 1-99 #eeeeee
113: 1-99 #eeeeee
114: 1-99 #eeeeee
115: 1-99 #eeeeee
116: 1-99 #eeeeee
117: 1-99 #eeeeee
118: 1-99 #eeeeee
119: 1-99 #eeeeee
120: 1-99 #eeeeee
121: 1-99 #eeeeee
122: 1-99 #eeeeee
123: 1-99 #eeeeee
124: 1-99 #eeeeee
125: 1-99 #eeeeee
126: 1-99 #eeeeee
127: 1-99 #eeeeee
128: 1-99 #eeeeee`;
