// Bun Snapshot v1, https://bun.sh/docs/test/snapshots

exports[`handles emoji width calculation 1`] = `
"Text🚀More
"
`;

exports[`renders single emoji correctly 1`] = `
"🚀
"
`;

exports[`renders emoji with text correctly 1`] = `
"Hello 🌍 World!
"
`;

exports[`renders multiple emojis correctly 1`] = `
"

  🚀🎯📄



  🎉 Party 🎊




  👨‍💻




  🌈🦄✨




  📱💻⌨️🖱️
"
`;

exports[`renders emoji with colors correctly 1`] = `
"                                                                                
  🎨 Colorful Text 🌈                                                           
                                                                                
"
`;
