// Jest Snapshot v1, https://goo.gl/fbAQLP

exports[`handles emoji width calculation 1`] = `Text 🚀 More                                                                    
                                                                                
                                                                                
                                                                                
                                                                                
                                                                                
                                                                                
                                                                                
                                                                                
                                                                                
                                                                                
                                                                                
                                                                                
                                                                                
                                                                                
                                                                                
                                                                                
                                                                                
                                                                                
                                                                                
                                                                                
                                                                                
                                                                                
                                                                                
`;

exports[`renders emoji with colors correctly 1`] = `[48;2;255;255;0m                                                                                [0m
[48;2;255;255;0m  [38;2;255;0;255m🎨 Colorful Text 🌈[39m                                                           [0m
[48;2;255;255;0m                                                                                [0m
                                                                                
                                                                                
                                                                                
                                                                                
                                                                                
                                                                                
                                                                                
                                                                                
                                                                                
                                                                                
                                                                                
                                                                                
                                                                                
                                                                                
                                                                                
                                                                                
                                                                                
                                                                                
                                                                                
                                                                                
                                                                                
`;

exports[`renders emoji with text correctly 1`] = `Hello 🌍 World!                                                                 
                                                                                
                                                                                
                                                                                
                                                                                
                                                                                
                                                                                
                                                                                
                                                                                
                                                                                
                                                                                
                                                                                
                                                                                
                                                                                
                                                                                
                                                                                
                                                                                
                                                                                
                                                                                
                                                                                
                                                                                
                                                                                
                                                                                
                                                                                
`;

exports[`renders multiple emojis correctly 1`] = `                                                                                
                                                                                
  🚀🎯📄                                                                        
                                                                                
                                                                                
                                                                                
                                                                                
  🎉 Party 🎊                                                                   
                                                                                
                                                                                
                                                                                
                                                                                
  👨‍💻                                                                            
                                                                                
                                                                                
                                                                                
                                                                                
  🌈🦄✨                                                                        
                                                                                
                                                                                
                                                                                
                                                                                
  📱💻⌨️🖱️                                                                      
                                                                                
`;

exports[`renders single emoji correctly 1`] = `🚀                                                                              
                                                                                
                                                                                
                                                                                
                                                                                
                                                                                
                                                                                
                                                                                
                                                                                
                                                                                
                                                                                
                                                                                
                                                                                
                                                                                
                                                                                
                                                                                
                                                                                
                                                                                
                                                                                
                                                                                
                                                                                
                                                                                
                                                                                
                                                                                
`;
