// Bun Snapshot v1, https://bun.sh/docs/test/snapshots

exports[`simple flexbox column layout 1`] = `
"                              
 🎨 Title                     
 Description text             
                              
"
`;

exports[`feature card column layout reproduction 1`] = `
"
                                                  
 🎨 Styling                                       
 Rich terminal colors and formatting              
                                                  
"
`;
