// Bun Snapshot v1, https://bun.sh/docs/test/snapshots

exports[`simple text layout 1`] = `
"Hello World
"
`;

exports[`flex column layout 1`] = `
"\x1B[37m\x1B[44mItem 1\x1B[44m                                  \x1B[0m

\x1B[37m\x1B[41mItem 2\x1B[41m                                  \x1B[0m
"
`;

exports[`text wrapping layout 1`] = `
"This is a long line of text that should
"
`;

exports[`nested containers layout 1`] = `
"  \x1B[30m\x1B[48;2;0;135;0mNested content\x1B[48;2;0;135;0m                      \x1B[0m
"
`;
