// Bun Snapshot v1, https://bun.sh/docs/test/snapshots

exports[`simple text layout 1`] = `"Hello World"`;

exports[`flex column layout 1`] = `
"Item 1
Item 2"
`;

exports[`text wrapping layout 1`] = `"This is a long line of text that should"`;

exports[`nested containers layout 1`] = `"Nested content"`;
