// Bun Snapshot v1, https://bun.sh/docs/test/snapshots

exports[`renders simple HTML text 1`] = `"Hello World!"`;

exports[`renders nested HTML container with multiple elements 1`] = `"First lineSecond line"`;

exports[`renders HTML text with CSS colors 1`] = `
"Red text
Green text"
`;

exports[`renders HTML background colors 1`] = `"Text on blue background"`;
